Archive member included to satisfy reference by file (symbol)

.pio/build/nucleo_f767zi/lib519/libCANopen.a(CANopen.cpp.o)
                              .pio/build/nucleo_f767zi/src/main.cpp.o (CANopen::CANopen(HardwareSerial&, unsigned char))
.pio/build/nucleo_f767zi/libFrameworkArduino.a(HardwareSerial.cpp.o)
                              .pio/build/nucleo_f767zi/src/main.cpp.o (HardwareSerial::available())
.pio/build/nucleo_f767zi/libFrameworkArduino.a(Print.cpp.o)
                              .pio/build/nucleo_f767zi/lib519/libCANopen.a(CANopen.cpp.o) (Print::print(__FlashStringHelper const*))
.pio/build/nucleo_f767zi/libFrameworkArduino.a(Stream.cpp.o)
                              .pio/build/nucleo_f767zi/libFrameworkArduino.a(HardwareSerial.cpp.o) (Stream::readBytes(char*, unsigned int))
.pio/build/nucleo_f767zi/libFrameworkArduino.a(WString.cpp.o)
                              .pio/build/nucleo_f767zi/src/main.cpp.o (String::~String())
.pio/build/nucleo_f767zi/libFrameworkArduino.a(dtostrf.c.o)
                              .pio/build/nucleo_f767zi/libFrameworkArduino.a(WString.cpp.o) (dtostrf)
.pio/build/nucleo_f767zi/libFrameworkArduino.a(itoa.c.o)
                              .pio/build/nucleo_f767zi/libFrameworkArduino.a(WString.cpp.o) (ltoa)
.pio/build/nucleo_f767zi/libFrameworkArduino.a(main.cpp.o)
                              c:/users/user/.platformio/packages/toolchain-gccarmnoneeabi/bin/../lib/gcc/arm-none-eabi/12.3.1/../../../../arm-none-eabi/lib/thumb/v7e-m+fp/hard/crt0.o (main)
.pio/build/nucleo_f767zi/libFrameworkArduino.a(startup_stm32yyxx.S.o)
                              (Reset_Handler)
.pio/build/nucleo_f767zi/libFrameworkArduino.a(wiring_time.c.o)
                              .pio/build/nucleo_f767zi/src/main.cpp.o (millis)
.pio/build/nucleo_f767zi/libFrameworkArduino.a(WSerial.cpp.o)
                              .pio/build/nucleo_f767zi/libFrameworkArduino.a(main.cpp.o) (serialEventRun())
.pio/build/nucleo_f767zi/libFrameworkArduino.a(board.c.o)
                              .pio/build/nucleo_f767zi/libFrameworkArduino.a(main.cpp.o) (init)
.pio/build/nucleo_f767zi/libFrameworkArduino.a(hooks.c.o)
                              .pio/build/nucleo_f767zi/libFrameworkArduino.a(wiring_time.c.o) (yield)
c:/users/user/.platformio/packages/toolchain-gccarmnoneeabi/bin/../lib/gcc/arm-none-eabi/12.3.1/thumb/v7e-m+fp/hard\libgcc.a(_arm_muldf3.o)
                              .pio/build/nucleo_f767zi/SrcWrapper/src/HardwareTimer.cpp.o (__aeabi_dmul)
c:/users/user/.platformio/packages/toolchain-gccarmnoneeabi/bin/../lib/gcc/arm-none-eabi/12.3.1/thumb/v7e-m+fp/hard\libgcc.a(_arm_addsubdf3.o)
                              .pio/build/nucleo_f767zi/libFrameworkArduino.a(Print.cpp.o) (__aeabi_dsub)
c:/users/user/.platformio/packages/toolchain-gccarmnoneeabi/bin/../lib/gcc/arm-none-eabi/12.3.1/thumb/v7e-m+fp/hard\libgcc.a(_arm_muldivdf3.o)
                              .pio/build/nucleo_f767zi/SrcWrapper/src/HardwareTimer.cpp.o (__aeabi_ddiv)
c:/users/user/.platformio/packages/toolchain-gccarmnoneeabi/bin/../lib/gcc/arm-none-eabi/12.3.1/thumb/v7e-m+fp/hard\libgcc.a(_arm_cmpdf2.o)
                              .pio/build/nucleo_f767zi/libFrameworkArduino.a(Print.cpp.o) (__aeabi_dcmplt)
c:/users/user/.platformio/packages/toolchain-gccarmnoneeabi/bin/../lib/gcc/arm-none-eabi/12.3.1/thumb/v7e-m+fp/hard\libgcc.a(_arm_unorddf2.o)
                              .pio/build/nucleo_f767zi/libFrameworkArduino.a(Print.cpp.o) (__aeabi_dcmpun)
c:/users/user/.platformio/packages/toolchain-gccarmnoneeabi/bin/../lib/gcc/arm-none-eabi/12.3.1/thumb/v7e-m+fp/hard\libgcc.a(_arm_fixdfsi.o)
                              .pio/build/nucleo_f767zi/src/main.cpp.o (__aeabi_d2iz)
c:/users/user/.platformio/packages/toolchain-gccarmnoneeabi/bin/../lib/gcc/arm-none-eabi/12.3.1/thumb/v7e-m+fp/hard\libgcc.a(_arm_fixunsdfsi.o)
                              .pio/build/nucleo_f767zi/SrcWrapper/src/HardwareTimer.cpp.o (__aeabi_d2uiz)
c:/users/user/.platformio/packages/toolchain-gccarmnoneeabi/bin/../lib/gcc/arm-none-eabi/12.3.1/thumb/v7e-m+fp/hard\libgcc.a(_arm_truncdfsf2.o)
                              .pio/build/nucleo_f767zi/src/main.cpp.o (__aeabi_d2f)
c:/users/user/.platformio/packages/toolchain-gccarmnoneeabi/bin/../lib/gcc/arm-none-eabi/12.3.1/thumb/v7e-m+fp/hard\libgcc.a(_aeabi_ldivmod.o)
                              .pio/build/nucleo_f767zi/SrcWrapper/src/HAL/stm32yyxx_hal_rcc.c.o (__aeabi_ldivmod)
c:/users/user/.platformio/packages/toolchain-gccarmnoneeabi/bin/../lib/gcc/arm-none-eabi/12.3.1/thumb/v7e-m+fp/hard\libgcc.a(_aeabi_uldivmod.o)
                              .pio/build/nucleo_f767zi/SrcWrapper/src/HAL/stm32yyxx_hal_rcc.c.o (__aeabi_uldivmod)
c:/users/user/.platformio/packages/toolchain-gccarmnoneeabi/bin/../lib/gcc/arm-none-eabi/12.3.1/thumb/v7e-m+fp/hard\libgcc.a(_udivmoddi4.o)
[...]
Memory Configuration

Name             Origin             Length             Attributes
*default*        0x00000000         0xffffffff
RAM              0x20000000         0x00080000         xrw
FLASH            0x08000000         0x00200000         xr

Linker script and memory map

                0x20080000                        _estack = (ORIGIN (RAM) + LENGTH (RAM))
                0x00000200                        _Min_Heap_Size = 0x200
                0x00000400                        _Min_Stack_Size = 0x400

.isr_vector     0x08000000      0x1f8
                0x08000000                        . = ALIGN (0x4)
 *(.isr_vector)
 .isr_vector    0x08000000      0x1f8 .pio/build/nucleo_f767zi/libFrameworkArduino.a(startup_stm32yyxx.S.o)
                0x08000000                g_pfnVectors
                0x080001f8                        . = ALIGN (0x4)

.text           0x08000200     0x9d28
                0x08000200                        . = ALIGN (0x4)
 *(.text)
 .text          0x08000200      0x378 c:/users/user/.platformio/packages/toolchain-gccarmnoneeabi/bin/../lib/gcc/arm-none-eabi/12.3.1/thumb/v7e-m+fp/hard\libgcc.a(_arm_addsubdf3.o)
                0x08000200                __aeabi_drsub
                0x08000208                __aeabi_dsub
                0x08000208                __subdf3
                0x0800020c                __aeabi_dadd
                0x0800020c                __adddf3
                0x08000484                __floatunsidf
                0x08000484                __aeabi_ui2d
                0x080004a4                __floatsidf
                0x080004a4                __aeabi_i2d
                0x080004c8                __aeabi_f2d
                0x080004c8                __extendsfdf2
                0x0800050c                __floatundidf
                0x0800050c                __aeabi_ul2d
                0x0800051c                __floatdidf
                0x0800051c                __aeabi_l2d
 .text          0x08000578      0x424 c:/users/user/.platformio/packages/toolchain-gccarmnoneeabi/bin/../lib/gcc/arm-none-eabi/12.3.1/thumb/v7e-m+fp/hard\libgcc.a(_arm_muldivdf3.o)
                0x08000578                __aeabi_dmul
                0x08000578                __muldf3
                0x080007cc                __divdf3
                0x080007cc                __aeabi_ddiv
 .text          0x0800099c      0x110 c:/users/user/.platformio/packages/toolchain-gccarmnoneeabi/bin/../lib/gcc/arm-none-eabi/12.3.1/thumb/v7e-m+fp/hard\libgcc.a(_arm_cmpdf2.o)
                0x0800099c                __gtdf2
                0x0800099c                __gedf2
                0x080009a4                __ltdf2
                0x080009a4                __ledf2
                0x080009ac                __nedf2
                0x080009ac                __eqdf2
                0x080009ac                __cmpdf2
                0x08000a28                __aeabi_cdrcmple
                0x08000a38                __aeabi_cdcmpeq
                0x08000a38                __aeabi_cdcmple
                0x08000a48                __aeabi_dcmpeq
                0x08000a5c                __aeabi_dcmplt
                0x08000a70                __aeabi_dcmple
                0x08000a84                __aeabi_dcmpge
                0x08000a98                __aeabi_dcmpgt
 .text          0x08000aac       0x50 c:/users/user/.platformio/packages/toolchain-gccarmnoneeabi/bin/../lib/gcc/arm-none-eabi/12.3.1/thumb/v7e-m+fp/hard\libgcc.a(_arm_fixdfsi.o)
                0x08000aac                __aeabi_d2iz
                0x08000aac                __fixdfsi
 .text          0x08000afc       0x40 c:/users/user/.platformio/packages/toolchain-gccarmnoneeabi/bin/../lib/gcc/arm-none-eabi/12.3.1/thumb/v7e-m+fp/hard\libgcc.a(_arm_fixunsdfsi.o)
                0x08000afc                __aeabi_d2uiz
                0x08000afc                __fixunsdfsi
 .text          0x08000b3c       0xa0 c:/users/user/.platformio/packages/toolchain-gccarmnoneeabi/bin/../lib/gcc/arm-none-eabi/12.3.1/thumb/v7e-m+fp/hard\libgcc.a(_arm_truncdfsf2.o)
                0x08000b3c                __truncdfsf2
                0x08000b3c                __aeabi_d2f
 .text          0x08000bdc       0x30 c:/users/user/.platformio/packages/toolchain-gccarmnoneeabi/bin/../lib/gcc/arm-none-eabi/12.3.1/thumb/v7e-m+fp/hard\libgcc.a(_aeabi_uldivmod.o)
                0x08000bdc                __aeabi_uldivmod
 .text          0x08000c0c        0x4 c:/users/user/.platformio/packages/toolchain-gccarmnoneeabi/bin/../lib/gcc/arm-none-eabi/12.3.1/thumb/v7e-m+fp/hard\libgcc.a(_dvmd_tls.o)
                0x08000c0c                __aeabi_idiv0
                0x08000c0c                __aeabi_ldiv0
 .text          0x08000c10       0x10 c:/users/user/.platformio/packages/toolchain-gccarmnoneeabi/bin/../lib/gcc/arm-none-eabi/12.3.1/../../../../arm-none-eabi/lib/thumb/v7e-m+fp/hard\libc_nano.a(libc_a-strlen.o)
                0x08000c10                strlen
 .text          0x08000c20       0xa0 c:/users/user/.platformio/packages/toolchain-gccarmnoneeabi/bin/../lib/gcc/arm-none-eabi/12.3.1/../../../../arm-none-eabi/lib/thumb/v7e-m+fp/hard\libc_nano.a(libc_a-memchr.o)
                0x08000c20                memchr
 *(.text*)
 .text.__do_global_dtors_aux
                0x08000cc0       0x24 c:/users/user/.platformio/packages/toolchain-gccarmnoneeabi/bin/../lib/gcc/arm-none-eabi/12.3.1/thumb/v7e-m+fp/hard/crtbegin.o
 .text.frame_dummy
                0x08000ce4       0x1c c:/users/user/.platformio/packages/toolchain-gccarmnoneeabi/bin/../lib/gcc/arm-none-eabi/12.3.1/thumb/v7e-m+fp/hard/crtbegin.o
 .text.SystemClock_Config
                0x08000d00       0xbc .pio/build/nucleo_f767zi/FrameworkArduinoVariant/variant_NUCLEO_F767ZI.cpp.o
                0x08000d00                SystemClock_Config
 .text.HAL_MspInit
                0x08000dbc        0x2 .pio/build/nucleo_f767zi/SrcWrapper/src/HAL/stm32yyxx_hal.c.o
                0x08000dbc                HAL_MspInit
 *fill*         0x08000dbe        0x2 
 .text.HAL_InitTick
                0x08000dc0       0x48 .pio/build/nucleo_f767zi/SrcWrapper/src/HAL/stm32yyxx_hal.c.o
                0x08000dc0                HAL_InitTick
 .text.HAL_Init
                0x08000e08       0x2c .pio/build/nucleo_f767zi/SrcWrapper/src/HAL/stm32yyxx_hal.c.o
                0x08000e08                HAL_Init
 .text.HAL_IncTick
                0x08000e34       0x18 .pio/build/nucleo_f767zi/SrcWrapper/src/HAL/stm32yyxx_hal.c.o
                0x08000e34                HAL_IncTick
 .text.HAL_GetTick
                0x08000e4c        0xc .pio/build/nucleo_f767zi/SrcWrapper/src/HAL/stm32yyxx_hal.c.o
                0x08000e4c                HAL_GetTick
 .text.HAL_NVIC_SetPriorityGrouping
                0x08000e58       0x24 .pio/build/nucleo_f767zi/SrcWrapper/src/HAL/stm32yyxx_hal_cortex.c.o
                0x08000e58                HAL_NVIC_SetPriorityGrouping
 .text.HAL_NVIC_SetPriority
                0x08000e7c       0x64 .pio/build/nucleo_f767zi/SrcWrapper/src/HAL/stm32yyxx_hal_cortex.c.o
                0x08000e7c                HAL_NVIC_SetPriority
 .text.HAL_NVIC_EnableIRQ
                0x08000ee0       0x1c .pio/build/nucleo_f767zi/SrcWrapper/src/HAL/stm32yyxx_hal_cortex.c.o
                0x08000ee0                HAL_NVIC_EnableIRQ
 .text.HAL_NVIC_DisableIRQ
                0x08000efc       0x24 .pio/build/nucleo_f767zi/SrcWrapper/src/HAL/stm32yyxx_hal_cortex.c.o
                0x08000efc                HAL_NVIC_DisableIRQ
 .text.HAL_SYSTICK_Config
                0x08000f20       0x28 .pio/build/nucleo_f767zi/SrcWrapper/src/HAL/stm32yyxx_hal_cortex.c.o
                0x08000f20                HAL_SYSTICK_Config
 .text.HAL_NVIC_ClearPendingIRQ
                0x08000f48       0x1c .pio/build/nucleo_f767zi/SrcWrapper/src/HAL/stm32yyxx_hal_cortex.c.o
                0x08000f48                HAL_NVIC_ClearPendingIRQ
 .text.HAL_SYSTICK_Callback
                0x08000f64        0x2 .pio/build/nucleo_f767zi/SrcWrapper/src/HAL/stm32yyxx_hal_cortex.c.o
                0x08000f64                HAL_SYSTICK_Callback
 .text.HAL_SYSTICK_IRQHandler
                0x08000f66        0x8 .pio/build/nucleo_f767zi/SrcWrapper/src/HAL/stm32yyxx_hal_cortex.c.o
                0x08000f66                HAL_SYSTICK_IRQHandler
 .text.HAL_CRC_MspInit
                0x08000f6e        0x2 .pio/build/nucleo_f767zi/SrcWrapper/src/HAL/stm32yyxx_hal_crc.c.o
                0x08000f6e                HAL_CRC_MspInit
 .text.HAL_CRC_Init
                0x08000f70       0x74 .pio/build/nucleo_f767zi/SrcWrapper/src/HAL/stm32yyxx_hal_crc.c.o
                0x08000f70                HAL_CRC_Init
 .text.HAL_CRCEx_Polynomial_Set
                0x08000fe4       0x52 .pio/build/nucleo_f767zi/SrcWrapper/src/HAL/stm32yyxx_hal_crc_ex.c.o
                0x08000fe4                HAL_CRCEx_Polynomial_Set
 .text.HAL_DMA_Abort
                0x08001036       0x7c .pio/build/nucleo_f767zi/SrcWrapper/src/HAL/stm32yyxx_hal_dma.c.o
                0x08001036                HAL_DMA_Abort
 .text.HAL_DMA_Abort_IT
                0x080010b2       0x24 .pio/build/nucleo_f767zi/SrcWrapper/src/HAL/stm32yyxx_hal_dma.c.o
                0x080010b2                HAL_DMA_Abort_IT
 *fill*         0x080010d6        0x2 
 .text.HAL_GPIO_EXTI_IRQHandler
                0x080010d8       0x18 .pio/build/nucleo_f767zi/SrcWrapper/src/HAL/stm32yyxx_hal_gpio.c.o
                0x080010d8                HAL_GPIO_EXTI_IRQHandler
 .text.HAL_PWREx_EnableOverDrive
                0x080010f0       0x70 .pio/build/nucleo_f767zi/SrcWrapper/src/HAL/stm32yyxx_hal_pwr_ex.c.o
                0x080010f0                HAL_PWREx_EnableOverDrive
 .text.HAL_RCC_OscConfig
                0x08001160      0x388 .pio/build/nucleo_f767zi/SrcWrapper/src/HAL/stm32yyxx_hal_rcc.c.o
                0x08001160                HAL_RCC_OscConfig
 .text.HAL_RCC_GetSysClockFreq
                0x080014e8       0x5c .pio/build/nucleo_f767zi/SrcWrapper/src/HAL/stm32yyxx_hal_rcc.c.o
                0x080014e8                HAL_RCC_GetSysClockFreq
 .text.HAL_RCC_ClockConfig
                0x08001544      0x13c .pio/build/nucleo_f767zi/SrcWrapper/src/HAL/stm32yyxx_hal_rcc.c.o
                0x08001544                HAL_RCC_ClockConfig
 .text.HAL_RCC_GetPCLK1Freq
                0x08001680       0x20 .pio/build/nucleo_f767zi/SrcWrapper/src/HAL/stm32yyxx_hal_rcc.c.o
                0x08001680                HAL_RCC_GetPCLK1Freq
 .text.HAL_RCC_GetPCLK2Freq
                0x080016a0       0x20 .pio/build/nucleo_f767zi/SrcWrapper/src/HAL/stm32yyxx_hal_rcc.c.o
                0x080016a0                HAL_RCC_GetPCLK2Freq
 .text.HAL_RCCEx_PeriphCLKConfig
                0x080016c0      0x55c .pio/build/nucleo_f767zi/SrcWrapper/src/HAL/stm32yyxx_hal_rcc_ex.c.o
                0x080016c0                HAL_RCCEx_PeriphCLKConfig
 .text.HAL_TIM_PWM_PulseFinishedCallback
                0x08001c1c        0x2 .pio/build/nucleo_f767zi/SrcWrapper/src/HAL/stm32yyxx_hal_tim.c.o
                0x08001c1c                HAL_TIM_PWM_PulseFinishedCallback
 .text.HAL_TIM_TriggerCallback
                0x08001c1e        0x2 .pio/build/nucleo_f767zi/SrcWrapper/src/HAL/stm32yyxx_hal_tim.c.o
                0x08001c1e                HAL_TIM_TriggerCallback
 .text.HAL_TIM_IRQHandler
                0x08001c20      0x140 .pio/build/nucleo_f767zi/SrcWrapper/src/HAL/stm32yyxx_hal_tim.c.o
                0x08001c20                HAL_TIM_IRQHandler
 .text.HAL_TIMEx_CommutCallback
                0x08001d60        0x2 .pio/build/nucleo_f767zi/SrcWrapper/src/HAL/stm32yyxx_hal_tim_ex.c.o
                0x08001d60                HAL_TIMEx_CommutCallback
 .text.HAL_TIMEx_BreakCallback
                0x08001d62        0x2 .pio/build/nucleo_f767zi/SrcWrapper/src/HAL/stm32yyxx_hal_tim_ex.c.o
                0x08001d62                HAL_TIMEx_BreakCallback
 .text.HAL_TIMEx_Break2Callback
                0x08001d64        0x2 .pio/build/nucleo_f767zi/SrcWrapper/src/HAL/stm32yyxx_hal_tim_ex.c.o
                0x08001d64                HAL_TIMEx_Break2Callback
 .text.UART_EndRxTransfer
                0x08001d66       0x50 .pio/build/nucleo_f767zi/SrcWrapper/src/HAL/stm32yyxx_hal_uart.c.o
 .text.UART_TxISR_8BIT.part.0
                0x08001db6       0x26 .pio/build/nucleo_f767zi/SrcWrapper/src/HAL/stm32yyxx_hal_uart.c.o
 .text.UART_TxISR_8BIT
                0x08001ddc       0x2e .pio/build/nucleo_f767zi/SrcWrapper/src/HAL/stm32yyxx_hal_uart.c.o
 .text.UART_TxISR_16BIT
                0x08001e0a       0x32 .pio/build/nucleo_f767zi/SrcWrapper/src/HAL/stm32yyxx_hal_uart.c.o
 .text.HAL_UART_MspInit
                0x08001e3c        0x2 .pio/build/nucleo_f767zi/SrcWrapper/src/HAL/stm32yyxx_hal_uart.c.o
                0x08001e3c                HAL_UART_MspInit
 *fill*         0x08001e3e        0x2 
 .text.HAL_UART_Transmit_IT
                0x08001e40       0x60 .pio/build/nucleo_f767zi/SrcWrapper/src/HAL/stm32yyxx_hal_uart.c.o
                0x08001e40                HAL_UART_Transmit_IT
 .text.UART_DMAAbortOnError
                0x08001ea0       0x10 .pio/build/nucleo_f767zi/SrcWrapper/src/HAL/stm32yyxx_hal_uart.c.o
 .text.HAL_UARTEx_RxEventCallback
                0x08001eb0        0x2 .pio/build/nucleo_f767zi/SrcWrapper/src/HAL/stm32yyxx_hal_uart.c.o
                0x08001eb0                HAL_UARTEx_RxEventCallback
 .text.UART_RxISR_8BIT
                0x08001eb2       0xc0 .pio/build/nucleo_f767zi/SrcWrapper/src/HAL/stm32yyxx_hal_uart.c.o
 .text.UART_RxISR_16BIT
                0x08001f72       0xba .pio/build/nucleo_f767zi/SrcWrapper/src/HAL/stm32yyxx_hal_uart.c.o
 .text.HAL_UART_IRQHandler
                0x0800202c      0x2f0 .pio/build/nucleo_f767zi/SrcWrapper/src/HAL/stm32yyxx_hal_uart.c.o
                0x0800202c                HAL_UART_IRQHandler
 .text.HAL_HalfDuplex_EnableTransmitter
                0x0800231c       0x48 .pio/build/nucleo_f767zi/SrcWrapper/src/HAL/stm32yyxx_hal_uart.c.o
                0x0800231c                HAL_HalfDuplex_EnableTransmitter
 .text.HAL_HalfDuplex_EnableReceiver
                0x08002364       0x48 .pio/build/nucleo_f767zi/SrcWrapper/src/HAL/stm32yyxx_hal_uart.c.o
                0x08002364                HAL_HalfDuplex_EnableReceiver
 .text.HAL_UART_GetState
                0x080023ac        0xa .pio/build/nucleo_f767zi/SrcWrapper/src/HAL/stm32yyxx_hal_uart.c.o
                0x080023ac                HAL_UART_GetState
 *fill*         0x080023b6        0x2 
 .text.UART_SetConfig
                0x080023b8      0x238 .pio/build/nucleo_f767zi/SrcWrapper/src/HAL/stm32yyxx_hal_uart.c.o
                0x080023b8                UART_SetConfig
 .text.UART_AdvFeatureConfig
                0x080025f0       0xaa .pio/build/nucleo_f767zi/SrcWrapper/src/HAL/stm32yyxx_hal_uart.c.o
                0x080025f0                UART_AdvFeatureConfig
 .text.UART_WaitOnFlagUntilTimeout
                0x0800269a       0x90 .pio/build/nucleo_f767zi/SrcWrapper/src/HAL/stm32yyxx_hal_uart.c.o
                0x0800269a                UART_WaitOnFlagUntilTimeout
 .text.HAL_UART_Transmit
                0x0800272a       0xa2 .pio/build/nucleo_f767zi/SrcWrapper/src/HAL/stm32yyxx_hal_uart.c.o
                0x0800272a                HAL_UART_Transmit
 .text.UART_CheckIdleState
                0x080027cc       0xb2 .pio/build/nucleo_f767zi/SrcWrapper/src/HAL/stm32yyxx_hal_uart.c.o
                0x080027cc                UART_CheckIdleState
 .text.HAL_UART_Init
                0x0800287e       0x5c .pio/build/nucleo_f767zi/SrcWrapper/src/HAL/stm32yyxx_hal_uart.c.o
                0x0800287e                HAL_UART_Init
 .text.HAL_HalfDuplex_Init
                0x080028da       0x64 .pio/build/nucleo_f767zi/SrcWrapper/src/HAL/stm32yyxx_hal_uart.c.o
                0x080028da                HAL_HalfDuplex_Init
 *fill*         0x0800293e        0x2 
 .text.UART_Start_Receive_IT
                0x08002940       0xb8 .pio/build/nucleo_f767zi/SrcWrapper/src/HAL/stm32yyxx_hal_uart.c.o
                0x08002940                UART_Start_Receive_IT
 .text.HAL_UART_Receive_IT
                0x080029f8       0x3a .pio/build/nucleo_f767zi/SrcWrapper/src/HAL/stm32yyxx_hal_uart.c.o
                0x080029f8                HAL_UART_Receive_IT
 .text._ZNSt14_Function_baseD2Ev
                0x08002a32       0x12 .pio/build/nucleo_f767zi/SrcWrapper/src/HardwareTimer.cpp.o
                0x08002a32                std::_Function_base::~_Function_base()
                0x08002a32                std::_Function_base::~_Function_base()
 .text.TIM1_UP_TIM10_IRQHandler
                0x08002a44       0x24 .pio/build/nucleo_f767zi/SrcWrapper/src/HardwareTimer.cpp.o
                0x08002a44                TIM1_UP_TIM10_IRQHandler
 .text.TIM1_CC_IRQHandler
                0x08002a68       0x14 .pio/build/nucleo_f767zi/SrcWrapper/src/HardwareTimer.cpp.o
                0x08002a68                TIM1_CC_IRQHandler
 .text.TIM2_IRQHandler
                0x08002a7c       0x14 .pio/build/nucleo_f767zi/SrcWrapper/src/HardwareTimer.cpp.o
                0x08002a7c                TIM2_IRQHandler
 .text.TIM3_IRQHandler
                0x08002a90       0x14 .pio/build/nucleo_f767zi/SrcWrapper/src/HardwareTimer.cpp.o
                0x08002a90                TIM3_IRQHandler
 .text.TIM4_IRQHandler
                0x08002aa4       0x14 .pio/build/nucleo_f767zi/SrcWrapper/src/HardwareTimer.cpp.o
                0x08002aa4                TIM4_IRQHandler
 .text.TIM5_IRQHandler
                0x08002ab8       0x14 .pio/build/nucleo_f767zi/SrcWrapper/src/HardwareTimer.cpp.o
                0x08002ab8                TIM5_IRQHandler
 .text.TIM6_DAC_IRQHandler
                0x08002acc       0x14 .pio/build/nucleo_f767zi/SrcWrapper/src/HardwareTimer.cpp.o
                0x08002acc                TIM6_DAC_IRQHandler
 .text.TIM7_IRQHandler
                0x08002ae0       0x14 .pio/build/nucleo_f767zi/SrcWrapper/src/HardwareTimer.cpp.o
                0x08002ae0                TIM7_IRQHandler
 .text.TIM8_UP_TIM13_IRQHandler
                0x08002af4       0x24 .pio/build/nucleo_f767zi/SrcWrapper/src/HardwareTimer.cpp.o
                0x08002af4                TIM8_UP_TIM13_IRQHandler
 .text.TIM8_CC_IRQHandler
                0x08002b18       0x14 .pio/build/nucleo_f767zi/SrcWrapper/src/HardwareTimer.cpp.o
                0x08002b18                TIM8_CC_IRQHandler
 .text.TIM1_BRK_TIM9_IRQHandler
                0x08002b2c       0x14 .pio/build/nucleo_f767zi/SrcWrapper/src/HardwareTimer.cpp.o
                0x08002b2c                TIM1_BRK_TIM9_IRQHandler
 .text.TIM1_TRG_COM_TIM11_IRQHandler
                0x08002b40       0x14 .pio/build/nucleo_f767zi/SrcWrapper/src/HardwareTimer.cpp.o
                0x08002b40                TIM1_TRG_COM_TIM11_IRQHandler
 .text.TIM8_BRK_TIM12_IRQHandler
                0x08002b54       0x14 .pio/build/nucleo_f767zi/SrcWrapper/src/HardwareTimer.cpp.o
                0x08002b54                TIM8_BRK_TIM12_IRQHandler
 .text.TIM8_TRG_COM_TIM14_IRQHandler
                0x08002b68       0x14 .pio/build/nucleo_f767zi/SrcWrapper/src/HardwareTimer.cpp.o
                0x08002b68                TIM8_TRG_COM_TIM14_IRQHandler
 .text._ZNKSt8functionIFvvEEclEv
                0x08002b7c       0x12 .pio/build/nucleo_f767zi/SrcWrapper/src/HardwareTimer.cpp.o
                0x08002b7c                std::function<void ()>::operator()() const
 .text._ZN13HardwareTimer14updateCallbackEP17TIM_HandleTypeDef
                0x08002b8e       0x18 .pio/build/nucleo_f767zi/SrcWrapper/src/HardwareTimer.cpp.o
                0x08002b8e                HardwareTimer::updateCallback(TIM_HandleTypeDef*)
 .text.HAL_TIM_PeriodElapsedCallback
                0x08002ba6        0x4 .pio/build/nucleo_f767zi/SrcWrapper/src/HardwareTimer.cpp.o
                0x08002ba6                HAL_TIM_PeriodElapsedCallback
 .text._ZN13HardwareTimer22captureCompareCallbackEP17TIM_HandleTypeDef
                0x08002baa       0x3e .pio/build/nucleo_f767zi/SrcWrapper/src/HardwareTimer.cpp.o
                0x08002baa                HardwareTimer::captureCompareCallback(TIM_HandleTypeDef*)
 .text.HAL_TIM_OC_DelayElapsedCallback
                0x08002be8        0x4 .pio/build/nucleo_f767zi/SrcWrapper/src/HardwareTimer.cpp.o
                0x08002be8                HAL_TIM_OC_DelayElapsedCallback
 .text.HAL_TIM_IC_CaptureCallback
                0x08002bec        0x4 .pio/build/nucleo_f767zi/SrcWrapper/src/HardwareTimer.cpp.o
                0x08002bec                HAL_TIM_IC_CaptureCallback
 .text.set_GPIO_Port_Clock
                0x08002bf0      0x158 .pio/build/nucleo_f767zi/SrcWrapper/src/stm32/PortNames.c.o
                0x08002bf0                set_GPIO_Port_Clock
 .text.getCurrentMillis
                0x08002d48        0x4 .pio/build/nucleo_f767zi/SrcWrapper/src/stm32/clock.c.o
                0x08002d48                getCurrentMillis
 .text.noOsSystickHandler
                0x08002d4c        0x2 .pio/build/nucleo_f767zi/SrcWrapper/src/stm32/clock.c.o
                0x08002d4c                osSystickHandler
                0x08002d4c                noOsSystickHandler
 .text.SysTick_Handler
                0x08002d4e       0x10 .pio/build/nucleo_f767zi/SrcWrapper/src/stm32/clock.c.o
                0x08002d4e                SysTick_Handler
 .text.configHSECapacitorTuning
                0x08002d5e        0x2 .pio/build/nucleo_f767zi/SrcWrapper/src/stm32/clock.c.o
                0x08002d5e                configHSECapacitorTuning
 .text.configIPClock
                0x08002d60       0x44 .pio/build/nucleo_f767zi/SrcWrapper/src/stm32/clock.c.o
                0x08002d60                configIPClock
 .text.dwt_access
                0x08002da4       0x28 .pio/build/nucleo_f767zi/SrcWrapper/src/stm32/dwt.c.o
                0x08002da4                dwt_access
 .text.dwt_init
                0x08002dcc       0x44 .pio/build/nucleo_f767zi/SrcWrapper/src/stm32/dwt.c.o
                0x08002dcc                dwt_init
 .text.hw_config_init
                0x08002e10       0x24 .pio/build/nucleo_f767zi/SrcWrapper/src/stm32/hw_config.c.o
                0x08002e10                hw_config_init
 .text.startup._ZNSt8functionIFvvEEC2EDn.constprop.0.isra.0
                0x08002e34        0xc .pio/build/nucleo_f767zi/SrcWrapper/src/stm32/interrupt.cpp.o
 .text.HAL_GPIO_EXTI_Callback
                0x08002e40       0x2c .pio/build/nucleo_f767zi/SrcWrapper/src/stm32/interrupt.cpp.o
                0x08002e40                HAL_GPIO_EXTI_Callback
 .text.EXTI0_IRQHandler
                0x08002e6c        0x6 .pio/build/nucleo_f767zi/SrcWrapper/src/stm32/interrupt.cpp.o
                0x08002e6c                EXTI0_IRQHandler
 .text.EXTI1_IRQHandler
                0x08002e72        0x6 .pio/build/nucleo_f767zi/SrcWrapper/src/stm32/interrupt.cpp.o
                0x08002e72                EXTI1_IRQHandler
 .text.EXTI2_IRQHandler
                0x08002e78        0x6 .pio/build/nucleo_f767zi/SrcWrapper/src/stm32/interrupt.cpp.o
                0x08002e78                EXTI2_IRQHandler
 .text.EXTI3_IRQHandler
                0x08002e7e        0x6 .pio/build/nucleo_f767zi/SrcWrapper/src/stm32/interrupt.cpp.o
                0x08002e7e                EXTI3_IRQHandler
 .text.EXTI4_IRQHandler
                0x08002e84        0x6 .pio/build/nucleo_f767zi/SrcWrapper/src/stm32/interrupt.cpp.o
                0x08002e84                EXTI4_IRQHandler
 .text.EXTI9_5_IRQHandler
                0x08002e8a       0x16 .pio/build/nucleo_f767zi/SrcWrapper/src/stm32/interrupt.cpp.o
                0x08002e8a                EXTI9_5_IRQHandler
 .text.EXTI15_10_IRQHandler
                0x08002ea0       0x18 .pio/build/nucleo_f767zi/SrcWrapper/src/stm32/interrupt.cpp.o
                0x08002ea0                EXTI15_10_IRQHandler
 .text.startup._GLOBAL__sub_I__Z22stm32_interrupt_enable7PinNameSt8functionIFvvEEm
                0x08002eb8       0xd8 .pio/build/nucleo_f767zi/SrcWrapper/src/stm32/interrupt.cpp.o
 .text.exit._GLOBAL__sub_D__Z22stm32_interrupt_enable7PinNameSt8functionIFvvEEm
                0x08002f90       0x1c .pio/build/nucleo_f767zi/SrcWrapper/src/stm32/interrupt.cpp.o
 .text.LL_GPIO_SetPinPull
                0x08002fac       0x2a .pio/build/nucleo_f767zi/SrcWrapper/src/stm32/pinmap.c.o
 *fill*         0x08002fd6        0x2 
 .text.pin_function
                0x08002fd8      0x124 .pio/build/nucleo_f767zi/SrcWrapper/src/stm32/pinmap.c.o
                0x08002fd8                pin_function
 .text.pinmap_pinout
                0x080030fc       0x1a .pio/build/nucleo_f767zi/SrcWrapper/src/stm32/pinmap.c.o
                0x080030fc                pinmap_pinout
 .text.pinmap_find_peripheral
                0x08003116       0x16 .pio/build/nucleo_f767zi/SrcWrapper/src/stm32/pinmap.c.o
                0x08003116                pinmap_find_peripheral
 .text.pinmap_peripheral
                0x0800312c        0xc .pio/build/nucleo_f767zi/SrcWrapper/src/stm32/pinmap.c.o
                0x0800312c                pinmap_peripheral
 .text.pinmap_find_pin
                0x08003138       0x16 .pio/build/nucleo_f767zi/SrcWrapper/src/stm32/pinmap.c.o
                0x08003138                pinmap_find_pin
 .text.pinmap_pin
                0x0800314e        0xc .pio/build/nucleo_f767zi/SrcWrapper/src/stm32/pinmap.c.o
                0x0800314e                pinmap_pin
 .text.pinmap_merge_peripheral
                0x0800315a       0x14 .pio/build/nucleo_f767zi/SrcWrapper/src/stm32/pinmap.c.o
                0x0800315a                pinmap_merge_peripheral
 *fill*         0x0800316e        0x2 
 .text.SystemInit
                0x08003170       0x50 .pio/build/nucleo_f767zi/SrcWrapper/src/stm32/system_stm32yyxx.c.o
                0x08003170                SystemInit
 .text.get_timer_obj
                0x080031c0        0x4 .pio/build/nucleo_f767zi/SrcWrapper/src/stm32/timer.c.o
                0x080031c0                get_timer_obj
 .text.uart_init
                0x080031c4      0x3d0 .pio/build/nucleo_f767zi/SrcWrapper/src/stm32/uart.c.o
                0x080031c4                uart_init
 .text.uart_debug_init
                0x08003594       0x3c .pio/build/nucleo_f767zi/SrcWrapper/src/stm32/uart.c.o
                0x08003594                uart_debug_init
 .text.serial_rx_active
                0x080035d0       0x24 .pio/build/nucleo_f767zi/SrcWrapper/src/stm32/uart.c.o
                0x080035d0                serial_rx_active
 .text.serial_tx_active
                0x080035f4       0x24 .pio/build/nucleo_f767zi/SrcWrapper/src/stm32/uart.c.o
                0x080035f4                serial_tx_active
 .text.uart_debug_write
                0x08003618       0xc0 .pio/build/nucleo_f767zi/SrcWrapper/src/stm32/uart.c.o
                0x08003618                uart_debug_write
 .text.uart_getc
                0x080036d8       0x38 .pio/build/nucleo_f767zi/SrcWrapper/src/stm32/uart.c.o
                0x080036d8                uart_getc
 .text.uart_attach_rx_callback
                0x08003710       0x40 .pio/build/nucleo_f767zi/SrcWrapper/src/stm32/uart.c.o
                0x08003710                uart_attach_rx_callback
 .text.uart_attach_tx_callback
                0x08003750       0x44 .pio/build/nucleo_f767zi/SrcWrapper/src/stm32/uart.c.o
                0x08003750                uart_attach_tx_callback
 .text.uart_enable_tx
                0x08003794       0x20 .pio/build/nucleo_f767zi/SrcWrapper/src/stm32/uart.c.o
                0x08003794                uart_enable_tx
 .text.uart_enable_rx
                0x080037b4       0x20 .pio/build/nucleo_f767zi/SrcWrapper/src/stm32/uart.c.o
                0x080037b4                uart_enable_rx
 .text.HAL_UART_RxCpltCallback
                0x080037d4        0x8 .pio/build/nucleo_f767zi/SrcWrapper/src/stm32/uart.c.o
                0x080037d4                HAL_UART_RxCpltCallback
 .text.HAL_UART_TxCpltCallback
                0x080037dc        0x8 .pio/build/nucleo_f767zi/SrcWrapper/src/stm32/uart.c.o
                0x080037dc                HAL_UART_TxCpltCallback
 .text.HAL_UART_ErrorCallback
                0x080037e4       0x48 .pio/build/nucleo_f767zi/SrcWrapper/src/stm32/uart.c.o
                0x080037e4                HAL_UART_ErrorCallback
 .text.USART1_IRQHandler
                0x0800382c       0x18 .pio/build/nucleo_f767zi/SrcWrapper/src/stm32/uart.c.o
                0x0800382c                USART1_IRQHandler
 .text.USART2_IRQHandler
                0x08003844       0x1c .pio/build/nucleo_f767zi/SrcWrapper/src/stm32/uart.c.o
                0x08003844                USART2_IRQHandler
 .text.USART3_IRQHandler
                0x08003860       0x1c .pio/build/nucleo_f767zi/SrcWrapper/src/stm32/uart.c.o
                0x08003860                USART3_IRQHandler
 .text.UART4_IRQHandler
                0x0800387c       0x18 .pio/build/nucleo_f767zi/SrcWrapper/src/stm32/uart.c.o
                0x0800387c                UART4_IRQHandler
 .text.UART5_IRQHandler
                0x08003894       0x18 .pio/build/nucleo_f767zi/SrcWrapper/src/stm32/uart.c.o
                0x08003894                UART5_IRQHandler
 .text.USART6_IRQHandler
                0x080038ac       0x18 .pio/build/nucleo_f767zi/SrcWrapper/src/stm32/uart.c.o
                0x080038ac                USART6_IRQHandler
 .text.UART7_IRQHandler
                0x080038c4       0x18 .pio/build/nucleo_f767zi/SrcWrapper/src/stm32/uart.c.o
                0x080038c4                UART7_IRQHandler
 .text.UART8_IRQHandler
                0x080038dc       0x18 .pio/build/nucleo_f767zi/SrcWrapper/src/stm32/uart.c.o
                0x080038dc                UART8_IRQHandler
 .text.HAL_UARTEx_WakeupCallback
                0x080038f4        0xa .pio/build/nucleo_f767zi/SrcWrapper/src/stm32/uart.c.o
                0x080038f4                HAL_UARTEx_WakeupCallback
 *fill*         0x080038fe        0x2 
 .text._sbrk    0x08003900       0x3c .pio/build/nucleo_f767zi/SrcWrapper/src/syscalls.c.o
                0x08003900                _sbrk
 .text._close   0x0800393c        0x6 .pio/build/nucleo_f767zi/SrcWrapper/src/syscalls.c.o
                0x0800393c                _close
 .text._fstat   0x08003942        0xa .pio/build/nucleo_f767zi/SrcWrapper/src/syscalls.c.o
                0x08003942                _fstat
 .text._isatty  0x0800394c        0x4 .pio/build/nucleo_f767zi/SrcWrapper/src/syscalls.c.o
                0x0800394c                _isatty
 .text._lseek   0x08003950        0x4 .pio/build/nucleo_f767zi/SrcWrapper/src/syscalls.c.o
                0x08003950                _lseek
 .text._read    0x08003954        0x4 .pio/build/nucleo_f767zi/SrcWrapper/src/syscalls.c.o
                0x08003954                _read
 .text._exit    0x08003958        0x2 .pio/build/nucleo_f767zi/SrcWrapper/src/syscalls.c.o
                0x08003958                _exit
 *fill*         0x0800395a        0x2 
 .text._kill    0x0800395c       0x10 .pio/build/nucleo_f767zi/SrcWrapper/src/syscalls.c.o
                0x0800395c                _kill
 .text._getpid  0x0800396c        0x4 .pio/build/nucleo_f767zi/SrcWrapper/src/syscalls.c.o
                0x0800396c                _getpid
 .text._ZN7CanTpdo5nodesEv
                0x08003970       0x24 .pio/build/nucleo_f767zi/src/main.cpp.o
                0x08003970                CanTpdo::nodes()
 .text._ZN7CanTpdo4pollER14HardwareSerial
                0x08003994       0xa2 .pio/build/nucleo_f767zi/src/main.cpp.o
                0x08003994                CanTpdo::poll(HardwareSerial&)
 *fill*         0x08003a36        0x2 
 .text._ZN7CanTpdo14currentPercentEh
                0x08003a38       0x2c .pio/build/nucleo_f767zi/src/main.cpp.o
                0x08003a38                CanTpdo::currentPercent(unsigned char)
 .text._ZN7CanTpdo13torquePercentEh
                0x08003a64       0x2c .pio/build/nucleo_f767zi/src/main.cpp.o
                0x08003a64                CanTpdo::torquePercent(unsigned char)
 .text._ZN7CanTpdo17velocityDegPerSecEh
                0x08003a90       0x34 .pio/build/nucleo_f767zi/src/main.cpp.o
                0x08003a90                CanTpdo::velocityDegPerSec(unsigned char)
 .text._Z10isSSChangev
                0x08003ac4       0x1c .pio/build/nucleo_f767zi/src/main.cpp.o
                0x08003ac4                isSSChange()
 .text._Z12angleToStepsfRK11limbSegment
                0x08003ae0       0x7c .pio/build/nucleo_f767zi/src/main.cpp.o
                0x08003ae0                angleToSteps(float, limbSegment const&)
 .text._Z17inverseKinematicsffffff
                0x08003b5c      0x164 .pio/build/nucleo_f767zi/src/main.cpp.o
                0x08003b5c                inverseKinematics(float, float, float, float, float, float)
 .text._Z21fourierTrajectoryFootfff
                0x08003cc0      0x15c .pio/build/nucleo_f767zi/src/main.cpp.o
                0x08003cc0                fourierTrajectoryFoot(float, float, float)
 .text._Z22fourierTrajectoryAnklef
                0x08003e1c       0xb0 .pio/build/nucleo_f767zi/src/main.cpp.o
                0x08003e1c                fourierTrajectoryAnkle(float)
 .text._Z18setPressetSettingsv
                0x08003ecc       0x6c .pio/build/nucleo_f767zi/src/main.cpp.o
                0x08003ecc                setPressetSettings()
 .text._Z21getMotorParamsForTimeiP11MotorPreset
                0x08003f38       0x48 .pio/build/nucleo_f767zi/src/main.cpp.o
                0x08003f38                getMotorParamsForTime(int, MotorPreset*)
 .text._Z8setMotorifff
                0x08003f80       0x54 .pio/build/nucleo_f767zi/src/main.cpp.o
                0x08003f80                setMotor(int, float, float, float)
 .text._Z11parsedInput6String
                0x08003fd4       0xc4 .pio/build/nucleo_f767zi/src/main.cpp.o
                0x08003fd4                parsedInput(String)
 .text.startup._GLOBAL__sub_I_canSerial
                0x08004098       0x90 .pio/build/nucleo_f767zi/src/main.cpp.o
 .text._Z20getPermissionToStartv
                0x08004128       0x68 .pio/build/nucleo_f767zi/src/main.cpp.o
                0x08004128                getPermissionToStart()
 .text._Z20setPermissionToStartv
                0x08004190       0x6c .pio/build/nucleo_f767zi/src/main.cpp.o
                0x08004190                setPermissionToStart()
 .text.setup    0x080041fc       0x8c .pio/build/nucleo_f767zi/src/main.cpp.o
                0x080041fc                setup
 .text._Z19handleSerialCommandv
                0x08004288      0x2c8 .pio/build/nucleo_f767zi/src/main.cpp.o
                0x08004288                handleSerialCommand()
 .text._Z11mainControlv
                0x08004550      0x7f4 .pio/build/nucleo_f767zi/src/main.cpp.o
                0x08004550                mainControl()
 .text.loop     0x08004d44        0x8 .pio/build/nucleo_f767zi/src/main.cpp.o
                0x08004d44                loop
 .text._ZN7CANopenC2ER14HardwareSerialh
                0x08004d4c       0x1c .pio/build/nucleo_f767zi/lib519/libCANopen.a(CANopen.cpp.o)
                0x08004d4c                CANopen::CANopen(HardwareSerial&, unsigned char)
                0x08004d4c                CANopen::CANopen(HardwareSerial&, unsigned char)
 .text._ZN7CANopen5rdI32EPKh
                0x08004d68        0x4 .pio/build/nucleo_f767zi/lib519/libCANopen.a(CANopen.cpp.o)
                0x08004d68                CANopen::rdI32(unsigned char const*)
 .text._ZN7CANopen5wrI32EPhl
                0x08004d6c       0x10 .pio/build/nucleo_f767zi/lib519/libCANopen.a(CANopen.cpp.o)
                0x08004d6c                CANopen::wrI32(unsigned char*, long)
 .text._ZN7CANopen4id11EPKh
                0x08004d7c        0xc .pio/build/nucleo_f767zi/lib519/libCANopen.a(CANopen.cpp.o)
                0x08004d7c                CANopen::id11(unsigned char const*)
 .text._ZN7CANopen7flushRxEv
                0x08004d88       0x1a .pio/build/nucleo_f767zi/lib519/libCANopen.a(CANopen.cpp.o)
                0x08004d88                CANopen::flushRx()
 .text._ZN7CANopen5beginEm
                0x08004da2       0x1c .pio/build/nucleo_f767zi/lib519/libCANopen.a(CANopen.cpp.o)
                0x08004da2                CANopen::begin(unsigned long)
 .text._ZN7CANopen9sendFrameEmhPKh
                0x08004dbe       0x5a .pio/build/nucleo_f767zi/lib519/libCANopen.a(CANopen.cpp.o)
                0x08004dbe                CANopen::sendFrame(unsigned long, unsigned char, unsigned char const*)
 .text._ZN7CANopen7sendNmtEhh
                0x08004e18       0x24 .pio/build/nucleo_f767zi/lib519/libCANopen.a(CANopen.cpp.o)
                0x08004e18                CANopen::sendNmt(unsigned char, unsigned char)
 .text._ZN7CANopen12activateNodeEb
                0x08004e3c       0x2e .pio/build/nucleo_f767zi/lib519/libCANopen.a(CANopen.cpp.o)
                0x08004e3c                CANopen::activateNode(bool)
 .text._ZN7CANopen9sendRpdo1Etl
                0x08004e6a       0x32 .pio/build/nucleo_f767zi/lib519/libCANopen.a(CANopen.cpp.o)
                0x08004e6a                CANopen::sendRpdo1(unsigned short, long)
 .text._ZN7CANopen9sendRpdo3Et
                0x08004e9c       0x22 .pio/build/nucleo_f767zi/lib519/libCANopen.a(CANopen.cpp.o)
                0x08004e9c                CANopen::sendRpdo3(unsigned short)
 *fill*         0x08004ebe        0x2 
 .text._ZN7CANopen15enableServoRpdoEv
                0x08004ec0       0x44 .pio/build/nucleo_f767zi/lib519/libCANopen.a(CANopen.cpp.o)
                0x08004ec0                CANopen::enableServoRpdo()
 .text._ZN7CANopen14streamAbsoluteEl
                0x08004f04       0x44 .pio/build/nucleo_f767zi/lib519/libCANopen.a(CANopen.cpp.o)
                0x08004f04                CANopen::streamAbsolute(long)
 .text._ZN7CANopen4haltEb
                0x08004f48       0x22 .pio/build/nucleo_f767zi/lib519/libCANopen.a(CANopen.cpp.o)
                0x08004f48                CANopen::halt(bool)
 .text._ZN7CANopen7onFrameEPKh
                0x08004f6a       0x68 .pio/build/nucleo_f767zi/lib519/libCANopen.a(CANopen.cpp.o)
                0x08004f6a                CANopen::onFrame(unsigned char const*)
 .text._ZN7CANopen6updateEv
                0x08004fd2       0x42 .pio/build/nucleo_f767zi/lib519/libCANopen.a(CANopen.cpp.o)
                0x08004fd2                CANopen::update()
 .text._ZN7CANopen11sdoTransferEhthmPmm
                0x08005014      0x100 .pio/build/nucleo_f767zi/lib519/libCANopen.a(CANopen.cpp.o)
                0x08005014                CANopen::sdoTransfer(unsigned char, unsigned short, unsigned char, unsigned long, unsigned long*, unsigned long)
 .text._ZN7CANopen13writeRegisterEthmhm
                0x08005114       0x3a .pio/build/nucleo_f767zi/lib519/libCANopen.a(CANopen.cpp.o)
                0x08005114                CANopen::writeRegister(unsigned short, unsigned char, unsigned long, unsigned char, unsigned long)
 .text._ZN7CANopen10resetFaultEv
                0x0800514e       0x68 .pio/build/nucleo_f767zi/lib519/libCANopen.a(CANopen.cpp.o)
                0x0800514e                CANopen::resetFault()
 .text._ZN7CANopen11enableServoEb.part.0
                0x080051b6       0x56 .pio/build/nucleo_f767zi/lib519/libCANopen.a(CANopen.cpp.o)
 .text._ZN7CANopen7setModeEh
                0x0800520c       0x22 .pio/build/nucleo_f767zi/lib519/libCANopen.a(CANopen.cpp.o)
                0x0800520c                CANopen::setMode(unsigned char)
 .text._ZN7CANopen8setSpeedEm
                0x0800522e       0x2e .pio/build/nucleo_f767zi/lib519/libCANopen.a(CANopen.cpp.o)
                0x0800522e                CANopen::setSpeed(unsigned long)
 .text._ZN7CANopen15setAccelerationEm
                0x0800525c       0x2e .pio/build/nucleo_f767zi/lib519/libCANopen.a(CANopen.cpp.o)
                0x0800525c                CANopen::setAcceleration(unsigned long)
 .text._ZN7CANopen15setDecelerationEm
                0x0800528a       0x2e .pio/build/nucleo_f767zi/lib519/libCANopen.a(CANopen.cpp.o)
                0x0800528a                CANopen::setDeceleration(unsigned long)
 .text._ZN7CANopen16setMaxMotorSpeedEm
                0x080052b8       0x1c .pio/build/nucleo_f767zi/lib519/libCANopen.a(CANopen.cpp.o)
                0x080052b8                CANopen::setMaxMotorSpeed(unsigned long)
 .text._ZN7CANopen21setMaxProfileVelocityEm
                0x080052d4       0x2e .pio/build/nucleo_f767zi/lib519/libCANopen.a(CANopen.cpp.o)
                0x080052d4                CANopen::setMaxProfileVelocity(unsigned long)
 .text._ZN7CANopen16setPdoWatchdogMsEt
                0x08005302       0x1c .pio/build/nucleo_f767zi/lib519/libCANopen.a(CANopen.cpp.o)
                0x08005302                CANopen::setPdoWatchdogMs(unsigned short)
 .text._ZN7CANopen12readRegisterEthRmm
                0x0800531e       0x1a .pio/build/nucleo_f767zi/lib519/libCANopen.a(CANopen.cpp.o)
                0x0800531e                CANopen::readRegister(unsigned short, unsigned char, unsigned long&, unsigned long)
 .text._ZN7CANopen8probeSdoEv
                0x08005338       0x18 .pio/build/nucleo_f767zi/lib519/libCANopen.a(CANopen.cpp.o)
                0x08005338                CANopen::probeSdo()
 .text._ZN7CANopen13refreshStatusEv
                0x08005350       0x3a .pio/build/nucleo_f767zi/lib519/libCANopen.a(CANopen.cpp.o)
                0x08005350                CANopen::refreshStatus()
 .text._ZN7CANopen9initDriveEmmm
                0x0800538a       0xb6 .pio/build/nucleo_f767zi/lib519/libCANopen.a(CANopen.cpp.o)
                0x0800538a                CANopen::initDrive(unsigned long, unsigned long, unsigned long)
 .text._ZN7CANopen7isFaultEv
                0x08005440       0x1c .pio/build/nucleo_f767zi/lib519/libCANopen.a(CANopen.cpp.o)
                0x08005440                CANopen::isFault()
 .text._ZN14HardwareSerial9availableEv
                0x0800545c       0x10 .pio/build/nucleo_f767zi/libFrameworkArduino.a(HardwareSerial.cpp.o)
                0x0800545c                HardwareSerial::available()
 .text._ZN14HardwareSerial4peekEv
                0x0800546c       0x1a .pio/build/nucleo_f767zi/libFrameworkArduino.a(HardwareSerial.cpp.o)
                0x0800546c                HardwareSerial::peek()
 .text._ZN14HardwareSerial17availableForWriteEv
                0x08005486       0x1c .pio/build/nucleo_f767zi/libFrameworkArduino.a(HardwareSerial.cpp.o)
                0x08005486                HardwareSerial::availableForWrite()
 .text._ZN14HardwareSerial5writeEh
                0x080054a2       0x18 .pio/build/nucleo_f767zi/libFrameworkArduino.a(HardwareSerial.cpp.o)
                0x080054a2                HardwareSerial::write(unsigned char)
 .text._ZN14HardwareSerial16_rx_complete_irqEP8serial_s
                0x080054ba       0x38 .pio/build/nucleo_f767zi/libFrameworkArduino.a(HardwareSerial.cpp.o)
                0x080054ba                HardwareSerial::_rx_complete_irq(serial_s*)
 *fill*         0x080054f2        0x2 
 .text._ZN14HardwareSerial16_tx_complete_irqEP8serial_s
                0x080054f4       0x64 .pio/build/nucleo_f767zi/libFrameworkArduino.a(HardwareSerial.cpp.o)
                0x080054f4                HardwareSerial::_tx_complete_irq(serial_s*)
 .text._ZN14HardwareSerial5writeEPKhj
                0x08005558       0xe4 .pio/build/nucleo_f767zi/libFrameworkArduino.a(HardwareSerial.cpp.o)
                0x08005558                HardwareSerial::write(unsigned char const*, unsigned int)
 .text._ZN14HardwareSerial4initE7PinNameS0_S0_S0_
                0x0800563c       0x32 .pio/build/nucleo_f767zi/libFrameworkArduino.a(HardwareSerial.cpp.o)
                0x0800563c                HardwareSerial::init(PinName, PinName, PinName, PinName)
 *fill*         0x0800566e        0x2 
 .text._ZN14HardwareSerialC2Emmmm
                0x08005670      0x110 .pio/build/nucleo_f767zi/libFrameworkArduino.a(HardwareSerial.cpp.o)
                0x08005670                HardwareSerial::HardwareSerial(unsigned long, unsigned long, unsigned long, unsigned long)
                0x08005670                HardwareSerial::HardwareSerial(unsigned long, unsigned long, unsigned long, unsigned long)
 .text._ZN14HardwareSerialC2EPv16HalfDuplexMode_t
                0x08005780       0x9c .pio/build/nucleo_f767zi/libFrameworkArduino.a(HardwareSerial.cpp.o)
                0x08005780                HardwareSerial::HardwareSerial(void*, HalfDuplexMode_t)
                0x08005780                HardwareSerial::HardwareSerial(void*, HalfDuplexMode_t)
 .text._ZN14HardwareSerial5flushEm
                0x0800581c       0x36 .pio/build/nucleo_f767zi/libFrameworkArduino.a(HardwareSerial.cpp.o)
                0x0800581c                HardwareSerial::flush(unsigned long)
 .text._ZN14HardwareSerial5flushEv
                0x08005852        0x6 .pio/build/nucleo_f767zi/libFrameworkArduino.a(HardwareSerial.cpp.o)
                0x08005852                HardwareSerial::flush()
 .text._ZN14HardwareSerial18enableHalfDuplexRxEv
                0x08005858       0x2c .pio/build/nucleo_f767zi/libFrameworkArduino.a(HardwareSerial.cpp.o)
                0x08005858                HardwareSerial::enableHalfDuplexRx()
 .text._ZN14HardwareSerial5beginEmh
                0x08005884       0x90 .pio/build/nucleo_f767zi/libFrameworkArduino.a(HardwareSerial.cpp.o)
                0x08005884                HardwareSerial::begin(unsigned long, unsigned char)
 .text._ZN14HardwareSerial4readEv
                0x08005914       0x2e .pio/build/nucleo_f767zi/libFrameworkArduino.a(HardwareSerial.cpp.o)
                0x08005914                HardwareSerial::read()
 *fill*         0x08005942        0x2 
 .text.startup._GLOBAL__sub_I_Serial3
                0x08005944       0x14 .pio/build/nucleo_f767zi/libFrameworkArduino.a(HardwareSerial.cpp.o)
 .text._ZN5Print5writeEPKc
                0x08005958       0x20 .pio/build/nucleo_f767zi/libFrameworkArduino.a(Print.cpp.o)
                0x08005958                Print::write(char const*)
 .text._ZN5Print5printEPKc
                0x08005978        0x8 .pio/build/nucleo_f767zi/libFrameworkArduino.a(Print.cpp.o)
                0x08005978                Print::print(char const*)
 .text._ZN5Print5printEc
                0x08005980        0x6 .pio/build/nucleo_f767zi/libFrameworkArduino.a(Print.cpp.o)
                0x08005980                Print::print(char)
 *fill*         0x08005986        0x2 
 .text._ZN5Print7printlnEv
                0x08005988       0x10 .pio/build/nucleo_f767zi/libFrameworkArduino.a(Print.cpp.o)
                0x08005988                Print::println()
 .text._ZN5Print7printlnEPK19__FlashStringHelper
                0x08005998       0x14 .pio/build/nucleo_f767zi/libFrameworkArduino.a(Print.cpp.o)
                0x08005998                Print::println(__FlashStringHelper const*)
 .text._ZN5Print7printlnEPKc
                0x080059ac        0x4 .pio/build/nucleo_f767zi/libFrameworkArduino.a(Print.cpp.o)
                0x080059ac                Print::println(char const*)
 .text._write   0x080059b0       0x22 .pio/build/nucleo_f767zi/libFrameworkArduino.a(Print.cpp.o)
                0x080059b0                _write
 .text._ZN5Print11printNumberEmh
                0x080059d2       0x3e .pio/build/nucleo_f767zi/libFrameworkArduino.a(Print.cpp.o)
                0x080059d2                Print::printNumber(unsigned long, unsigned char)
 .text._ZN5Print5printEli
                0x08005a10       0x44 .pio/build/nucleo_f767zi/libFrameworkArduino.a(Print.cpp.o)
                0x08005a10                Print::print(long, int)
 .text._ZN5Print5printEii
                0x08005a54        0x4 .pio/build/nucleo_f767zi/libFrameworkArduino.a(Print.cpp.o)
                0x08005a54                Print::print(int, int)
 .text._ZN5Print10printFloatIfEEjT_h
                0x08005a58      0x104 .pio/build/nucleo_f767zi/libFrameworkArduino.a(Print.cpp.o)
                0x08005a58                unsigned int Print::printFloat<float>(float, unsigned char)
 .text._ZN5Print5printEfi
                0x08005b5c        0xa .pio/build/nucleo_f767zi/libFrameworkArduino.a(Print.cpp.o)
                0x08005b5c                Print::print(float, int)
 .text._ZN6Stream9timedReadEv
                0x08005b66       0x2a .pio/build/nucleo_f767zi/libFrameworkArduino.a(Stream.cpp.o)
                0x08005b66                Stream::timedRead()
 .text._ZN6Stream9readBytesEPcj
                0x08005b90       0x22 .pio/build/nucleo_f767zi/libFrameworkArduino.a(Stream.cpp.o)
                0x08005b90                Stream::readBytes(char*, unsigned int)
 .text._ZN6Stream14readBytesUntilEcPcj
                0x08005bb2       0x30 .pio/build/nucleo_f767zi/libFrameworkArduino.a(Stream.cpp.o)
                0x08005bb2                Stream::readBytesUntil(char, char*, unsigned int)
 *fill*         0x08005be2        0x2 
 .text._ZN6Stream15readStringUntilEc
                0x08005be4       0x30 .pio/build/nucleo_f767zi/libFrameworkArduino.a(Stream.cpp.o)
                0x08005be4                Stream::readStringUntil(char)
 .text._ZN6StringD2Ev
                0x08005c14        0xe .pio/build/nucleo_f767zi/libFrameworkArduino.a(WString.cpp.o)
                0x08005c14                String::~String()
                0x08005c14                String::~String()
 .text._ZN6String10invalidateEv
                0x08005c22       0x16 .pio/build/nucleo_f767zi/libFrameworkArduino.a(WString.cpp.o)
                0x08005c22                String::invalidate()
 .text._ZN6String12changeBufferEj
                0x08005c38       0x18 .pio/build/nucleo_f767zi/libFrameworkArduino.a(WString.cpp.o)
                0x08005c38                String::changeBuffer(unsigned int)
 .text._ZN6String7reserveEj
                0x08005c50       0x22 .pio/build/nucleo_f767zi/libFrameworkArduino.a(WString.cpp.o)
                0x08005c50                String::reserve(unsigned int)
 .text._ZN6String4copyEPKcj
                0x08005c72       0x26 .pio/build/nucleo_f767zi/libFrameworkArduino.a(WString.cpp.o)
                0x08005c72                String::copy(char const*, unsigned int)
 .text._ZN6StringC2EPKc
                0x08005c98       0x24 .pio/build/nucleo_f767zi/libFrameworkArduino.a(WString.cpp.o)
                0x08005c98                String::String(char const*)
                0x08005c98                String::String(char const*)
 .text._ZN6String4moveERS_
                0x08005cbc       0x3c .pio/build/nucleo_f767zi/libFrameworkArduino.a(WString.cpp.o)
                0x08005cbc                String::move(String&)
 .text._ZN6StringaSERKS_
                0x08005cf8       0x1e .pio/build/nucleo_f767zi/libFrameworkArduino.a(WString.cpp.o)
                0x08005cf8                String::operator=(String const&)
 .text._ZN6StringC2ERKS_
                0x08005d16       0x14 .pio/build/nucleo_f767zi/libFrameworkArduino.a(WString.cpp.o)
                0x08005d16                String::String(String const&)
                0x08005d16                String::String(String const&)
 .text._ZN6StringaSEOS_
                0x08005d2a       0x10 .pio/build/nucleo_f767zi/libFrameworkArduino.a(WString.cpp.o)
                0x08005d2a                String::operator=(String&&)
 .text._ZN6StringaSEPKc
                0x08005d3a       0x22 .pio/build/nucleo_f767zi/libFrameworkArduino.a(WString.cpp.o)
                0x08005d3a                String::operator=(char const*)
 .text._ZN6String6concatEPKcj
                0x08005d5c       0x2e .pio/build/nucleo_f767zi/libFrameworkArduino.a(WString.cpp.o)
                0x08005d5c                String::concat(char const*, unsigned int)
 .text._ZN6String6concatEc
                0x08005d8a       0x1a .pio/build/nucleo_f767zi/libFrameworkArduino.a(WString.cpp.o)
                0x08005d8a                String::concat(char)
 .text._ZNK6String16equalsIgnoreCaseERKS_
                0x08005da4       0x36 .pio/build/nucleo_f767zi/libFrameworkArduino.a(WString.cpp.o)
                0x08005da4                String::equalsIgnoreCase(String const&) const
 *fill*         0x08005dda        0x2 
 .text._ZN6StringixEj
                0x08005ddc       0x1c .pio/build/nucleo_f767zi/libFrameworkArduino.a(WString.cpp.o)
                0x08005ddc                String::operator[](unsigned int)
 .text._ZNK6String9substringEjj
                0x08005df8       0x50 .pio/build/nucleo_f767zi/libFrameworkArduino.a(WString.cpp.o)
                0x08005df8                String::substring(unsigned int, unsigned int) const
 .text._ZN6String4trimEv
                0x08005e48       0x52 .pio/build/nucleo_f767zi/libFrameworkArduino.a(WString.cpp.o)
                0x08005e48                String::trim()
 *fill*         0x08005e9a        0x6 
 .text._ZNK6String8toDoubleEv
                0x08005ea0       0x18 .pio/build/nucleo_f767zi/libFrameworkArduino.a(WString.cpp.o)
                0x08005ea0                String::toDouble() const
 .text._ZNK6String7toFloatEv
                0x08005eb8       0x14 .pio/build/nucleo_f767zi/libFrameworkArduino.a(WString.cpp.o)
                0x08005eb8                String::toFloat() const
 .text.startup._Z7premainv
                0x08005ecc       0x94 .pio/build/nucleo_f767zi/libFrameworkArduino.a(main.cpp.o)
                0x08005ecc                premain()
 .text.startup.main
                0x08005f60       0x14 .pio/build/nucleo_f767zi/libFrameworkArduino.a(main.cpp.o)
                0x08005f60                main
 .text.Reset_Handler
                0x08005f74       0x50 .pio/build/nucleo_f767zi/libFrameworkArduino.a(startup_stm32yyxx.S.o)
                0x08005f74                Reset_Handler
 .text.Default_Handler
                0x08005fc4        0x2 .pio/build/nucleo_f767zi/libFrameworkArduino.a(startup_stm32yyxx.S.o)
                0x08005fc4                RTC_Alarm_IRQHandler
                0x08005fc4                DebugMon_Handler
                0x08005fc4                SPI4_IRQHandler
                0x08005fc4                DMA2_Stream5_IRQHandler
                0x08005fc4                HardFault_Handler
                0x08005fc4                JPEG_IRQHandler
                0x08005fc4                DMA1_Stream5_IRQHandler
                0x08005fc4                CAN3_RX1_IRQHandler
                0x08005fc4                PVD_IRQHandler
                0x08005fc4                TAMP_STAMP_IRQHandler
                0x08005fc4                PendSV_Handler
                0x08005fc4                NMI_Handler
                0x08005fc4                CAN2_RX1_IRQHandler
                0x08005fc4                DFSDM1_FLT1_IRQHandler
                0x08005fc4                I2C3_ER_IRQHandler
                0x08005fc4                DFSDM1_FLT2_IRQHandler
                0x08005fc4                I2C2_EV_IRQHandler
                0x08005fc4                DMA1_Stream2_IRQHandler
                0x08005fc4                CAN1_RX0_IRQHandler
                0x08005fc4                FPU_IRQHandler
                0x08005fc4                OTG_HS_WKUP_IRQHandler
                0x08005fc4                CAN3_SCE_IRQHandler
                0x08005fc4                UsageFault_Handler
                0x08005fc4                LTDC_ER_IRQHandler
                0x08005fc4                CAN2_SCE_IRQHandler
                0x08005fc4                DMA2_Stream2_IRQHandler
                0x08005fc4                SPI1_IRQHandler
                0x08005fc4                DCMI_IRQHandler
                0x08005fc4                CAN2_RX0_IRQHandler
                0x08005fc4                DMA2_Stream3_IRQHandler
                0x08005fc4                SAI2_IRQHandler
                0x08005fc4                DFSDM1_FLT3_IRQHandler
                0x08005fc4                CAN3_RX0_IRQHandler
                0x08005fc4                CAN1_RX1_IRQHandler
                0x08005fc4                DMA2_Stream0_IRQHandler
                0x08005fc4                QUADSPI_IRQHandler
                0x08005fc4                I2C1_EV_IRQHandler
                0x08005fc4                DMA1_Stream6_IRQHandler
                0x08005fc4                DMA1_Stream1_IRQHandler
                0x08005fc4                RCC_IRQHandler
                0x08005fc4                Default_Handler
                0x08005fc4                CEC_IRQHandler
                0x08005fc4                ADC_IRQHandler
                0x08005fc4                DMA1_Stream7_IRQHandler
                0x08005fc4                SPI5_IRQHandler
                0x08005fc4                SDMMC1_IRQHandler
                0x08005fc4                CAN2_TX_IRQHandler
                0x08005fc4                DMA2_Stream7_IRQHandler
                0x08005fc4                I2C3_EV_IRQHandler
                0x08005fc4                RTC_WKUP_IRQHandler
                0x08005fc4                LTDC_IRQHandler
                0x08005fc4                ETH_WKUP_IRQHandler
                0x08005fc4                SPDIF_RX_IRQHandler
                0x08005fc4                SPI2_IRQHandler
                0x08005fc4                OTG_HS_EP1_IN_IRQHandler
                0x08005fc4                MemManage_Handler
                0x08005fc4                DMA1_Stream0_IRQHandler
                0x08005fc4                CAN1_TX_IRQHandler
                0x08005fc4                SVC_Handler
                0x08005fc4                RNG_IRQHandler
                0x08005fc4                ETH_IRQHandler
                0x08005fc4                OTG_HS_EP1_OUT_IRQHandler
                0x08005fc4                WWDG_IRQHandler
                0x08005fc4                SPI6_IRQHandler
                0x08005fc4                MDIOS_IRQHandler
                0x08005fc4                I2C4_EV_IRQHandler
                0x08005fc4                CAN3_TX_IRQHandler
                0x08005fc4                OTG_FS_WKUP_IRQHandler
                0x08005fc4                OTG_HS_IRQHandler
                0x08005fc4                DMA2D_IRQHandler
                0x08005fc4                SDMMC2_IRQHandler
                0x08005fc4                DFSDM1_FLT0_IRQHandler
                0x08005fc4                I2C2_ER_IRQHandler
                0x08005fc4                DMA2_Stream1_IRQHandler
                0x08005fc4                CAN1_SCE_IRQHandler
                0x08005fc4                FLASH_IRQHandler
                0x08005fc4                DMA2_Stream4_IRQHandler
                0x08005fc4                BusFault_Handler
                0x08005fc4                OTG_FS_IRQHandler
                0x08005fc4                SPI3_IRQHandler
                0x08005fc4                DMA1_Stream4_IRQHandler
                0x08005fc4                I2C1_ER_IRQHandler
                0x08005fc4                FMC_IRQHandler
                0x08005fc4                LPTIM1_IRQHandler
                0x08005fc4                I2C4_ER_IRQHandler
                0x08005fc4                DMA2_Stream6_IRQHandler
                0x08005fc4                SAI1_IRQHandler
                0x08005fc4                DMA1_Stream3_IRQHandler
 .text.millis   0x08005fc6        0x4 .pio/build/nucleo_f767zi/libFrameworkArduino.a(wiring_time.c.o)
                0x08005fc6                millis
 .text.delay    0x08005fca       0x1c .pio/build/nucleo_f767zi/libFrameworkArduino.a(wiring_time.c.o)
                0x08005fca                delay
 *fill*         0x08005fe6        0x2 
 .text._Z14serialEventRunv
                0x08005fe8       0x1c .pio/build/nucleo_f767zi/libFrameworkArduino.a(WSerial.cpp.o)
                0x08005fe8                serialEventRun()
 .text.init     0x08006004        0x4 .pio/build/nucleo_f767zi/libFrameworkArduino.a(board.c.o)
                0x08006004                init
 .text.__empty  0x08006008        0x2 .pio/build/nucleo_f767zi/libFrameworkArduino.a(hooks.c.o)
                0x08006008                yield
 *fill*         0x0800600a        0x2 
 .text.__udivmoddi4
                0x0800600c      0x2bc c:/users/user/.platformio/packages/toolchain-gccarmnoneeabi/bin/../lib/gcc/arm-none-eabi/12.3.1/thumb/v7e-m+fp/hard\libgcc.a(_udivmoddi4.o)
                0x0800600c                __udivmoddi4
 .text.unlikely._ZSt25__throw_bad_function_callv
                0x080062c8        0x6 c:/users/user/.platformio/packages/toolchain-gccarmnoneeabi/bin/../lib/gcc/arm-none-eabi/12.3.1/../../../../arm-none-eabi/lib/thumb/v7e-m+fp/hard\libstdc++_nano.a(functional.o)
                0x080062c8                std::__throw_bad_function_call()
 *fill*         0x080062ce        0x2 
 .text.fmodf    0x080062d0       0x48 c:/users/user/.platformio/packages/toolchain-gccarmnoneeabi/bin/../lib/gcc/arm-none-eabi/12.3.1/../../../../arm-none-eabi/lib/thumb/v7e-m+fp/hard\libm.a(libm_a-wf_fmod.o)
                0x080062d0                fmodf
 .text.sqrtf    0x08006318       0x44 c:/users/user/.platformio/packages/toolchain-gccarmnoneeabi/bin/../lib/gcc/arm-none-eabi/12.3.1/../../../../arm-none-eabi/lib/thumb/v7e-m+fp/hard\libm.a(libm_a-wf_sqrt.o)
                0x08006318                sqrtf
 .text.cosf     0x0800635c       0x70 c:/users/user/.platformio/packages/toolchain-gccarmnoneeabi/bin/../lib/gcc/arm-none-eabi/12.3.1/../../../../arm-none-eabi/lib/thumb/v7e-m+fp/hard\libm.a(libm_a-sf_cos.o)
                0x0800635c                cosf
 .text.sinf     0x080063cc       0x74 c:/users/user/.platformio/packages/toolchain-gccarmnoneeabi/bin/../lib/gcc/arm-none-eabi/12.3.1/../../../../arm-none-eabi/lib/thumb/v7e-m+fp/hard\libm.a(libm_a-sf_sin.o)
                0x080063cc                sinf
 .text.__ieee754_sqrtf
                0x08006440        0x8 c:/users/user/.platformio/packages/toolchain-gccarmnoneeabi/bin/../lib/gcc/arm-none-eabi/12.3.1/../../../../arm-none-eabi/lib/thumb/v7e-m+fp/hard\libm.a(libm_a-ef_sqrt.o)
                0x08006440                __ieee754_sqrtf
 .text.__kernel_cosf
                0x08006448      0x104 c:/users/user/.platformio/packages/toolchain-gccarmnoneeabi/bin/../lib/gcc/arm-none-eabi/12.3.1/../../../../arm-none-eabi/lib/thumb/v7e-m+fp/hard\libm.a(libm_a-kf_cos.o)
                0x08006448                __kernel_cosf
 .text.__kernel_sinf
                0x0800654c       0x90 c:/users/user/.platformio/packages/toolchain-gccarmnoneeabi/bin/../lib/gcc/arm-none-eabi/12.3.1/../../../../arm-none-eabi/lib/thumb/v7e-m+fp/hard\libm.a(libm_a-kf_sin.o)
                0x0800654c                __kernel_sinf
 .text.__ieee754_fmodf
                0x080065dc      0x164 c:/users/user/.platformio/packages/toolchain-gccarmnoneeabi/bin/../lib/gcc/arm-none-eabi/12.3.1/../../../../arm-none-eabi/lib/thumb/v7e-m+fp/hard\libm.a(libm_a-ef_fmod.o)
                0x080065dc                __ieee754_fmodf
 .text.__ieee754_rem_pio2f
                0x08006740      0x260 c:/users/user/.platformio/packages/toolchain-gccarmnoneeabi/bin/../lib/gcc/arm-none-eabi/12.3.1/../../../../arm-none-eabi/lib/thumb/v7e-m+fp/hard\libm.a(libm_a-ef_rem_pio2.o)
                0x08006740                __ieee754_rem_pio2f
 .text.fabsf    0x080069a0       0x10 c:/users/user/.platformio/packages/toolchain-gccarmnoneeabi/bin/../lib/gcc/arm-none-eabi/12.3.1/../../../../arm-none-eabi/lib/thumb/v7e-m+fp/hard\libm.a(libm_a-sf_fabs.o)
                0x080069a0                fabsf
 .text.__kernel_rem_pio2f
                0x080069b0      0x66c c:/users/user/.platformio/packages/toolchain-gccarmnoneeabi/bin/../lib/gcc/arm-none-eabi/12.3.1/../../../../arm-none-eabi/lib/thumb/v7e-m+fp/hard\libm.a(libm_a-kf_rem_pio2.o)
                0x080069b0                __kernel_rem_pio2f
 .text.scalbnf  0x0800701c       0xe4 c:/users/user/.platformio/packages/toolchain-gccarmnoneeabi/bin/../lib/gcc/arm-none-eabi/12.3.1/../../../../arm-none-eabi/lib/thumb/v7e-m+fp/hard\libm.a(libm_a-sf_scalbn.o)
                0x0800701c                scalbnf
 .text.floorf   0x08007100       0x94 c:/users/user/.platformio/packages/toolchain-gccarmnoneeabi/bin/../lib/gcc/arm-none-eabi/12.3.1/../../../../arm-none-eabi/lib/thumb/v7e-m+fp/hard\libm.a(libm_a-sf_floor.o)
                0x08007100                floorf
 .text.abort    0x08007194        0xe c:/users/user/.platformio/packages/toolchain-gccarmnoneeabi/bin/../lib/gcc/arm-none-eabi/12.3.1/../../../../arm-none-eabi/lib/thumb/v7e-m+fp/hard\libc_nano.a(libc_a-abort.o)
                0x08007194                abort
 .text.atof     0x080071a2        0x6 c:/users/user/.platformio/packages/toolchain-gccarmnoneeabi/bin/../lib/gcc/arm-none-eabi/12.3.1/../../../../arm-none-eabi/lib/thumb/v7e-m+fp/hard\libc_nano.a(libc_a-atof.o)
                0x080071a2                atof
 .text.malloc   0x080071a8       0x10 c:/users/user/.platformio/packages/toolchain-gccarmnoneeabi/bin/../lib/gcc/arm-none-eabi/12.3.1/../../../../arm-none-eabi/lib/thumb/v7e-m+fp/hard\libc_nano.a(libc_a-malloc.o)
                0x080071a8                malloc
 .text.free     0x080071b8       0x10 c:/users/user/.platformio/packages/toolchain-gccarmnoneeabi/bin/../lib/gcc/arm-none-eabi/12.3.1/../../../../arm-none-eabi/lib/thumb/v7e-m+fp/hard\libc_nano.a(libc_a-malloc.o)
                0x080071b8                free
 .text.sbrk_aligned
                0x080071c8       0x44 c:/users/user/.platformio/packages/toolchain-gccarmnoneeabi/bin/../lib/gcc/arm-none-eabi/12.3.1/../../../../arm-none-eabi/lib/thumb/v7e-m+fp/hard\libc_nano.a(libc_a-mallocr.o)
 .text._malloc_r
                0x0800720c      0x100 c:/users/user/.platformio/packages/toolchain-gccarmnoneeabi/bin/../lib/gcc/arm-none-eabi/12.3.1/../../../../arm-none-eabi/lib/thumb/v7e-m+fp/hard\libc_nano.a(libc_a-mallocr.o)
                0x0800720c                _malloc_r
 .text.__malloc_lock
                0x0800730c        0xc c:/users/user/.platformio/packages/toolchain-gccarmnoneeabi/bin/../lib/gcc/arm-none-eabi/12.3.1/../../../../arm-none-eabi/lib/thumb/v7e-m+fp/hard\libc_nano.a(libc_a-mlock.o)
                0x0800730c                __malloc_lock
 .text.__malloc_unlock
                0x08007318        0xc c:/users/user/.platformio/packages/toolchain-gccarmnoneeabi/bin/../lib/gcc/arm-none-eabi/12.3.1/../../../../arm-none-eabi/lib/thumb/v7e-m+fp/hard\libc_nano.a(libc_a-mlock.o)
                0x08007318                __malloc_unlock
 .text.realloc  0x08007324       0x10 c:/users/user/.platformio/packages/toolchain-gccarmnoneeabi/bin/../lib/gcc/arm-none-eabi/12.3.1/../../../../arm-none-eabi/lib/thumb/v7e-m+fp/hard\libc_nano.a(libc_a-realloc.o)
                0x08007324                realloc
 .text._realloc_r
                0x08007334       0x5c c:/users/user/.platformio/packages/toolchain-gccarmnoneeabi/bin/../lib/gcc/arm-none-eabi/12.3.1/../../../../arm-none-eabi/lib/thumb/v7e-m+fp/hard\libc_nano.a(libc_a-reallocr.o)
                0x08007334                _realloc_r
 .text.sulp     0x08007390       0x3c c:/users/user/.platformio/packages/toolchain-gccarmnoneeabi/bin/../lib/gcc/arm-none-eabi/12.3.1/../../../../arm-none-eabi/lib/thumb/v7e-m+fp/hard\libc_nano.a(libc_a-strtod.o)
 *fill*         0x080073cc        0x4 
 .text._strtod_l
                0x080073d0      0xc08 c:/users/user/.platformio/packages/toolchain-gccarmnoneeabi/bin/../lib/gcc/arm-none-eabi/12.3.1/../../../../arm-none-eabi/lib/thumb/v7e-m+fp/hard\libc_nano.a(libc_a-strtod.o)
                0x080073d0                _strtod_l
 .text.strtod   0x08007fd8       0x18 c:/users/user/.platformio/packages/toolchain-gccarmnoneeabi/bin/../lib/gcc/arm-none-eabi/12.3.1/../../../../arm-none-eabi/lib/thumb/v7e-m+fp/hard\libc_nano.a(libc_a-strtod.o)
                0x08007fd8                strtod
 .text.isspace  0x08007ff0       0x10 c:/users/user/.platformio/packages/toolchain-gccarmnoneeabi/bin/../lib/gcc/arm-none-eabi/12.3.1/../../../../arm-none-eabi/lib/thumb/v7e-m+fp/hard\libc_nano.a(libc_a-isspace.o)
                0x08007ff0                isspace
 .text.tolower  0x08008000       0x14 c:/users/user/.platformio/packages/toolchain-gccarmnoneeabi/bin/../lib/gcc/arm-none-eabi/12.3.1/../../../../arm-none-eabi/lib/thumb/v7e-m+fp/hard\libc_nano.a(libc_a-tolower.o)
                0x08008000                tolower
 .text.std      0x08008014       0x6c c:/users/user/.platformio/packages/toolchain-gccarmnoneeabi/bin/../lib/gcc/arm-none-eabi/12.3.1/../../../../arm-none-eabi/lib/thumb/v7e-m+fp/hard\libc_nano.a(libc_a-findfp.o)
 .text.stdio_exit_handler
                0x08008080       0x18 c:/users/user/.platformio/packages/toolchain-gccarmnoneeabi/bin/../lib/gcc/arm-none-eabi/12.3.1/../../../../arm-none-eabi/lib/thumb/v7e-m+fp/hard\libc_nano.a(libc_a-findfp.o)
 .text.cleanup_stdio
                0x08008098       0x40 c:/users/user/.platformio/packages/toolchain-gccarmnoneeabi/bin/../lib/gcc/arm-none-eabi/12.3.1/../../../../arm-none-eabi/lib/thumb/v7e-m+fp/hard\libc_nano.a(libc_a-findfp.o)
 .text.global_stdio_init.part.0
                0x080080d8       0x3c c:/users/user/.platformio/packages/toolchain-gccarmnoneeabi/bin/../lib/gcc/arm-none-eabi/12.3.1/../../../../arm-none-eabi/lib/thumb/v7e-m+fp/hard\libc_nano.a(libc_a-findfp.o)
 .text.__sfp_lock_acquire
                0x08008114        0xc c:/users/user/.platformio/packages/toolchain-gccarmnoneeabi/bin/../lib/gcc/arm-none-eabi/12.3.1/../../../../arm-none-eabi/lib/thumb/v7e-m+fp/hard\libc_nano.a(libc_a-findfp.o)
                0x08008114                __sfp_lock_acquire
 .text.__sfp_lock_release
                0x08008120        0xc c:/users/user/.platformio/packages/toolchain-gccarmnoneeabi/bin/../lib/gcc/arm-none-eabi/12.3.1/../../../../arm-none-eabi/lib/thumb/v7e-m+fp/hard\libc_nano.a(libc_a-findfp.o)
                0x08008120                __sfp_lock_release
 .text.__sinit  0x0800812c       0x30 c:/users/user/.platformio/packages/toolchain-gccarmnoneeabi/bin/../lib/gcc/arm-none-eabi/12.3.1/../../../../arm-none-eabi/lib/thumb/v7e-m+fp/hard\libc_nano.a(libc_a-findfp.o)
                0x0800812c                __sinit
 .text._fwalk_sglue
                0x0800815c       0x3c c:/users/user/.platformio/packages/toolchain-gccarmnoneeabi/bin/../lib/gcc/arm-none-eabi/12.3.1/../../../../arm-none-eabi/lib/thumb/v7e-m+fp/hard\libc_nano.a(libc_a-fwalk.o)
                0x0800815c                _fwalk_sglue
 .text.__sread  0x08008198       0x22 c:/users/user/.platformio/packages/toolchain-gccarmnoneeabi/bin/../lib/gcc/arm-none-eabi/12.3.1/../../../../arm-none-eabi/lib/thumb/v7e-m+fp/hard\libc_nano.a(libc_a-stdio.o)
                0x08008198                __sread
 .text.__swrite
                0x080081ba       0x38 c:/users/user/.platformio/packages/toolchain-gccarmnoneeabi/bin/../lib/gcc/arm-none-eabi/12.3.1/../../../../arm-none-eabi/lib/thumb/v7e-m+fp/hard\libc_nano.a(libc_a-stdio.o)
                0x080081ba                __swrite
 .text.__sseek  0x080081f2       0x24 c:/users/user/.platformio/packages/toolchain-gccarmnoneeabi/bin/../lib/gcc/arm-none-eabi/12.3.1/../../../../arm-none-eabi/lib/thumb/v7e-m+fp/hard\libc_nano.a(libc_a-stdio.o)
                0x080081f2                __sseek
 .text.__sclose
                0x08008216        0x8 c:/users/user/.platformio/packages/toolchain-gccarmnoneeabi/bin/../lib/gcc/arm-none-eabi/12.3.1/../../../../arm-none-eabi/lib/thumb/v7e-m+fp/hard\libc_nano.a(libc_a-stdio.o)
                0x08008216                __sclose
 .text.memset   0x0800821e       0x10 c:/users/user/.platformio/packages/toolchain-gccarmnoneeabi/bin/../lib/gcc/arm-none-eabi/12.3.1/../../../../arm-none-eabi/lib/thumb/v7e-m+fp/hard\libc_nano.a(libc_a-memset.o)
                0x0800821e                memset
 .text.strncmp  0x0800822e       0x24 c:/users/user/.platformio/packages/toolchain-gccarmnoneeabi/bin/../lib/gcc/arm-none-eabi/12.3.1/../../../../arm-none-eabi/lib/thumb/v7e-m+fp/hard\libc_nano.a(libc_a-strncmp.o)
                0x0800822e                strncmp
 .text._raise_r
                0x08008252       0x50 c:/users/user/.platformio/packages/toolchain-gccarmnoneeabi/bin/../lib/gcc/arm-none-eabi/12.3.1/../../../../arm-none-eabi/lib/thumb/v7e-m+fp/hard\libc_nano.a(libc_a-signal.o)
                0x08008252                _raise_r
 *fill*         0x080082a2        0x2 
 .text.raise    0x080082a4       0x10 c:/users/user/.platformio/packages/toolchain-gccarmnoneeabi/bin/../lib/gcc/arm-none-eabi/12.3.1/../../../../arm-none-eabi/lib/thumb/v7e-m+fp/hard\libc_nano.a(libc_a-signal.o)
                0x080082a4                raise
 .text._close_r
                0x080082b4       0x20 c:/users/user/.platformio/packages/toolchain-gccarmnoneeabi/bin/../lib/gcc/arm-none-eabi/12.3.1/../../../../arm-none-eabi/lib/thumb/v7e-m+fp/hard\libc_nano.a(libc_a-closer.o)
                0x080082b4                _close_r
 .text._lseek_r
                0x080082d4       0x24 c:/users/user/.platformio/packages/toolchain-gccarmnoneeabi/bin/../lib/gcc/arm-none-eabi/12.3.1/../../../../arm-none-eabi/lib/thumb/v7e-m+fp/hard\libc_nano.a(libc_a-lseekr.o)
                0x080082d4                _lseek_r
 .text._read_r  0x080082f8       0x24 c:/users/user/.platformio/packages/toolchain-gccarmnoneeabi/bin/../lib/gcc/arm-none-eabi/12.3.1/../../../../arm-none-eabi/lib/thumb/v7e-m+fp/hard\libc_nano.a(libc_a-readr.o)
                0x080082f8                _read_r
 .text._kill_r  0x0800831c       0x24 c:/users/user/.platformio/packages/toolchain-gccarmnoneeabi/bin/../lib/gcc/arm-none-eabi/12.3.1/../../../../arm-none-eabi/lib/thumb/v7e-m+fp/hard\libc_nano.a(libc_a-signalr.o)
                0x0800831c                _kill_r
 .text._getpid_r
                0x08008340        0x4 c:/users/user/.platformio/packages/toolchain-gccarmnoneeabi/bin/../lib/gcc/arm-none-eabi/12.3.1/../../../../arm-none-eabi/lib/thumb/v7e-m+fp/hard\libc_nano.a(libc_a-signalr.o)
                0x08008340                _getpid_r
 .text._sbrk_r  0x08008344       0x20 c:/users/user/.platformio/packages/toolchain-gccarmnoneeabi/bin/../lib/gcc/arm-none-eabi/12.3.1/../../../../arm-none-eabi/lib/thumb/v7e-m+fp/hard\libc_nano.a(libc_a-sbrkr.o)
                0x08008344                _sbrk_r
 .text._write_r
                0x08008364       0x24 c:/users/user/.platformio/packages/toolchain-gccarmnoneeabi/bin/../lib/gcc/arm-none-eabi/12.3.1/../../../../arm-none-eabi/lib/thumb/v7e-m+fp/hard\libc_nano.a(libc_a-writer.o)
                0x08008364                _write_r
 .text.__errno  0x08008388        0xc c:/users/user/.platformio/packages/toolchain-gccarmnoneeabi/bin/../lib/gcc/arm-none-eabi/12.3.1/../../../../arm-none-eabi/lib/thumb/v7e-m+fp/hard\libc_nano.a(libc_a-errno.o)
                0x08008388                __errno
 .text.__libc_init_array
                0x08008394       0x48 c:/users/user/.platformio/packages/toolchain-gccarmnoneeabi/bin/../lib/gcc/arm-none-eabi/12.3.1/../../../../arm-none-eabi/lib/thumb/v7e-m+fp/hard\libc_nano.a(libc_a-init.o)
                0x08008394                __libc_init_array
 .text.__retarget_lock_init_recursive
                0x080083dc        0x2 c:/users/user/.platformio/packages/toolchain-gccarmnoneeabi/bin/../lib/gcc/arm-none-eabi/12.3.1/../../../../arm-none-eabi/lib/thumb/v7e-m+fp/hard\libc_nano.a(libc_a-lock.o)
                0x080083dc                __retarget_lock_init_recursive
 .text.__retarget_lock_acquire_recursive
                0x080083de        0x2 c:/users/user/.platformio/packages/toolchain-gccarmnoneeabi/bin/../lib/gcc/arm-none-eabi/12.3.1/../../../../arm-none-eabi/lib/thumb/v7e-m+fp/hard\libc_nano.a(libc_a-lock.o)
                0x080083de                __retarget_lock_acquire_recursive
 .text.__retarget_lock_release_recursive
                0x080083e0        0x2 c:/users/user/.platformio/packages/toolchain-gccarmnoneeabi/bin/../lib/gcc/arm-none-eabi/12.3.1/../../../../arm-none-eabi/lib/thumb/v7e-m+fp/hard\libc_nano.a(libc_a-lock.o)
                0x080083e0                __retarget_lock_release_recursive
 .text.strcpy   0x080083e2       0x10 c:/users/user/.platformio/packages/toolchain-gccarmnoneeabi/bin/../lib/gcc/arm-none-eabi/12.3.1/../../../../arm-none-eabi/lib/thumb/v7e-m+fp/hard\libc_nano.a(libc_a-strcpy.o)
                0x080083e2                strcpy
 .text.memcpy   0x080083f2       0x1c c:/users/user/.platformio/packages/toolchain-gccarmnoneeabi/bin/../lib/gcc/arm-none-eabi/12.3.1/../../../../arm-none-eabi/lib/thumb/v7e-m+fp/hard\libc_nano.a(libc_a-memcpy-stub.o)
                0x080083f2                memcpy
 *fill*         0x0800840e        0x2 
 .text.nan      0x08008410       0x10 c:/users/user/.platformio/packages/toolchain-gccarmnoneeabi/bin/../lib/gcc/arm-none-eabi/12.3.1/../../../../arm-none-eabi/lib/thumb/v7e-m+fp/hard\libc_nano.a(libm_a-s_nan.o)
                0x08008410                nan
 .text._free_r  0x08008420       0x94 c:/users/user/.platformio/packages/toolchain-gccarmnoneeabi/bin/../lib/gcc/arm-none-eabi/12.3.1/../../../../arm-none-eabi/lib/thumb/v7e-m+fp/hard\libc_nano.a(libc_a-freer.o)
                0x08008420                _free_r
 .text.rshift   0x080084b4       0xa2 c:/users/user/.platformio/packages/toolchain-gccarmnoneeabi/bin/../lib/gcc/arm-none-eabi/12.3.1/../../../../arm-none-eabi/lib/thumb/v7e-m+fp/hard\libc_nano.a(libc_a-gdtoa-gethex.o)
 .text.__hexdig_fun
                0x08008556       0x2a c:/users/user/.platformio/packages/toolchain-gccarmnoneeabi/bin/../lib/gcc/arm-none-eabi/12.3.1/../../../../arm-none-eabi/lib/thumb/v7e-m+fp/hard\libc_nano.a(libc_a-gdtoa-gethex.o)
                0x08008556                __hexdig_fun
 .text.__gethex
                0x08008580      0x420 c:/users/user/.platformio/packages/toolchain-gccarmnoneeabi/bin/../lib/gcc/arm-none-eabi/12.3.1/../../../../arm-none-eabi/lib/thumb/v7e-m+fp/hard\libc_nano.a(libc_a-gdtoa-gethex.o)
                0x08008580                __gethex
 .text.L_shift  0x080089a0       0x24 c:/users/user/.platformio/packages/toolchain-gccarmnoneeabi/bin/../lib/gcc/arm-none-eabi/12.3.1/../../../../arm-none-eabi/lib/thumb/v7e-m+fp/hard\libc_nano.a(libc_a-gdtoa-hexnan.o)
 .text.__match  0x080089c4       0x28 c:/users/user/.platformio/packages/toolchain-gccarmnoneeabi/bin/../lib/gcc/arm-none-eabi/12.3.1/../../../../arm-none-eabi/lib/thumb/v7e-m+fp/hard\libc_nano.a(libc_a-gdtoa-hexnan.o)
                0x080089c4                __match
 .text.__hexnan
                0x080089ec      0x136 c:/users/user/.platformio/packages/toolchain-gccarmnoneeabi/bin/../lib/gcc/arm-none-eabi/12.3.1/../../../../arm-none-eabi/lib/thumb/v7e-m+fp/hard\libc_nano.a(libc_a-gdtoa-hexnan.o)
                0x080089ec                __hexnan
 .text.__ascii_mbtowc
                0x08008b22       0x24 c:/users/user/.platformio/packages/toolchain-gccarmnoneeabi/bin/../lib/gcc/arm-none-eabi/12.3.1/../../../../arm-none-eabi/lib/thumb/v7e-m+fp/hard\libc_nano.a(libc_a-mbtowc_r.o)
                0x08008b22                __ascii_mbtowc
 *fill*         0x08008b46        0x2 
 .text._Balloc  0x08008b48       0x80 c:/users/user/.platformio/packages/toolchain-gccarmnoneeabi/bin/../lib/gcc/arm-none-eabi/12.3.1/../../../../arm-none-eabi/lib/thumb/v7e-m+fp/hard\libc_nano.a(libc_a-mprec.o)
                0x08008b48                _Balloc
 .text._Bfree   0x08008bc8       0x44 c:/users/user/.platformio/packages/toolchain-gccarmnoneeabi/bin/../lib/gcc/arm-none-eabi/12.3.1/../../../../arm-none-eabi/lib/thumb/v7e-m+fp/hard\libc_nano.a(libc_a-mprec.o)
                0x08008bc8                _Bfree
 .text.__multadd
                0x08008c0c       0x8c c:/users/user/.platformio/packages/toolchain-gccarmnoneeabi/bin/../lib/gcc/arm-none-eabi/12.3.1/../../../../arm-none-eabi/lib/thumb/v7e-m+fp/hard\libc_nano.a(libc_a-mprec.o)
                0x08008c0c                __multadd
 .text.__s2b    0x08008c98       0x94 c:/users/user/.platformio/packages/toolchain-gccarmnoneeabi/bin/../lib/gcc/arm-none-eabi/12.3.1/../../../../arm-none-eabi/lib/thumb/v7e-m+fp/hard\libc_nano.a(libc_a-mprec.o)
                0x08008c98                __s2b
 .text.__hi0bits
                0x08008d2c       0x44 c:/users/user/.platformio/packages/toolchain-gccarmnoneeabi/bin/../lib/gcc/arm-none-eabi/12.3.1/../../../../arm-none-eabi/lib/thumb/v7e-m+fp/hard\libc_nano.a(libc_a-mprec.o)
                0x08008d2c                __hi0bits
 .text.__lo0bits
                0x08008d70       0x5a c:/users/user/.platformio/packages/toolchain-gccarmnoneeabi/bin/../lib/gcc/arm-none-eabi/12.3.1/../../../../arm-none-eabi/lib/thumb/v7e-m+fp/hard\libc_nano.a(libc_a-mprec.o)
                0x08008d70                __lo0bits
 *fill*         0x08008dca        0x2 
 .text.__i2b    0x08008dcc       0x2c c:/users/user/.platformio/packages/toolchain-gccarmnoneeabi/bin/../lib/gcc/arm-none-eabi/12.3.1/../../../../arm-none-eabi/lib/thumb/v7e-m+fp/hard\libc_nano.a(libc_a-mprec.o)
                0x08008dcc                __i2b
 .text.__multiply
                0x08008df8      0x154 c:/users/user/.platformio/packages/toolchain-gccarmnoneeabi/bin/../lib/gcc/arm-none-eabi/12.3.1/../../../../arm-none-eabi/lib/thumb/v7e-m+fp/hard\libc_nano.a(libc_a-mprec.o)
                0x08008df8                __multiply
 .text.__pow5mult
                0x08008f4c       0xb4 c:/users/user/.platformio/packages/toolchain-gccarmnoneeabi/bin/../lib/gcc/arm-none-eabi/12.3.1/../../../../arm-none-eabi/lib/thumb/v7e-m+fp/hard\libc_nano.a(libc_a-mprec.o)
                0x08008f4c                __pow5mult
 .text.__lshift
                0x08009000       0xd8 c:/users/user/.platformio/packages/toolchain-gccarmnoneeabi/bin/../lib/gcc/arm-none-eabi/12.3.1/../../../../arm-none-eabi/lib/thumb/v7e-m+fp/hard\libc_nano.a(libc_a-mprec.o)
                0x08009000                __lshift
 .text.__mcmp   0x080090d8       0x36 c:/users/user/.platformio/packages/toolchain-gccarmnoneeabi/bin/../lib/gcc/arm-none-eabi/12.3.1/../../../../arm-none-eabi/lib/thumb/v7e-m+fp/hard\libc_nano.a(libc_a-mprec.o)
                0x080090d8                __mcmp
 *fill*         0x0800910e        0x2 
 .text.__mdiff  0x08009110      0x128 c:/users/user/.platformio/packages/toolchain-gccarmnoneeabi/bin/../lib/gcc/arm-none-eabi/12.3.1/../../../../arm-none-eabi/lib/thumb/v7e-m+fp/hard\libc_nano.a(libc_a-mprec.o)
                0x08009110                __mdiff
 .text.__ulp    0x08009238       0x4c c:/users/user/.platformio/packages/toolchain-gccarmnoneeabi/bin/../lib/gcc/arm-none-eabi/12.3.1/../../../../arm-none-eabi/lib/thumb/v7e-m+fp/hard\libc_nano.a(libc_a-mprec.o)
                0x08009238                __ulp
 .text.__b2d    0x08009284       0x94 c:/users/user/.platformio/packages/toolchain-gccarmnoneeabi/bin/../lib/gcc/arm-none-eabi/12.3.1/../../../../arm-none-eabi/lib/thumb/v7e-m+fp/hard\libc_nano.a(libc_a-mprec.o)
                0x08009284                __b2d
 .text.__d2b    0x08009318       0xb0 c:/users/user/.platformio/packages/toolchain-gccarmnoneeabi/bin/../lib/gcc/arm-none-eabi/12.3.1/../../../../arm-none-eabi/lib/thumb/v7e-m+fp/hard\libc_nano.a(libc_a-mprec.o)
                0x08009318                __d2b
 .text.__ratio  0x080093c8       0x64 c:/users/user/.platformio/packages/toolchain-gccarmnoneeabi/bin/../lib/gcc/arm-none-eabi/12.3.1/../../../../arm-none-eabi/lib/thumb/v7e-m+fp/hard\libc_nano.a(libc_a-mprec.o)
                0x080093c8                __ratio
 .text.__copybits
                0x0800942c       0x46 c:/users/user/.platformio/packages/toolchain-gccarmnoneeabi/bin/../lib/gcc/arm-none-eabi/12.3.1/../../../../arm-none-eabi/lib/thumb/v7e-m+fp/hard\libc_nano.a(libc_a-mprec.o)
                0x0800942c                __copybits
 .text.__any_on
                0x08009472       0x42 c:/users/user/.platformio/packages/toolchain-gccarmnoneeabi/bin/../lib/gcc/arm-none-eabi/12.3.1/../../../../arm-none-eabi/lib/thumb/v7e-m+fp/hard\libc_nano.a(libc_a-mprec.o)
                0x08009472                __any_on
 .text._malloc_usable_size_r
                0x080094b4       0x10 c:/users/user/.platformio/packages/toolchain-gccarmnoneeabi/bin/../lib/gcc/arm-none-eabi/12.3.1/../../../../arm-none-eabi/lib/thumb/v7e-m+fp/hard\libc_nano.a(libc_a-msizer.o)
                0x080094b4                _malloc_usable_size_r
 .text.__ascii_wctomb
                0x080094c4       0x1a c:/users/user/.platformio/packages/toolchain-gccarmnoneeabi/bin/../lib/gcc/arm-none-eabi/12.3.1/../../../../arm-none-eabi/lib/thumb/v7e-m+fp/hard\libc_nano.a(libc_a-wctomb_r.o)
                0x080094c4                __ascii_wctomb
 .text._printf_common
                0x080094de       0xda c:/users/user/.platformio/packages/toolchain-gccarmnoneeabi/bin/../lib/gcc/arm-none-eabi/12.3.1/../../../../arm-none-eabi/lib/thumb/v7e-m+fp/hard\libc_nano.a(libc_a-nano-vfprintf_i.o)
                0x080094de                _printf_common
 .text._printf_i
                0x080095b8      0x258 c:/users/user/.platformio/packages/toolchain-gccarmnoneeabi/bin/../lib/gcc/arm-none-eabi/12.3.1/../../../../arm-none-eabi/lib/thumb/v7e-m+fp/hard\libc_nano.a(libc_a-nano-vfprintf_i.o)
                0x080095b8                _printf_i
 .text.__sflush_r
                0x08009810      0x108 c:/users/user/.platformio/packages/toolchain-gccarmnoneeabi/bin/../lib/gcc/arm-none-eabi/12.3.1/../../../../arm-none-eabi/lib/thumb/v7e-m+fp/hard\libc_nano.a(libc_a-fflush.o)
                0x08009810                __sflush_r
 .text._fflush_r
                0x08009918       0x50 c:/users/user/.platformio/packages/toolchain-gccarmnoneeabi/bin/../lib/gcc/arm-none-eabi/12.3.1/../../../../arm-none-eabi/lib/thumb/v7e-m+fp/hard\libc_nano.a(libc_a-fflush.o)
                0x08009918                _fflush_r
 .text.__assert_func
                0x08009968       0x3c c:/users/user/.platformio/packages/toolchain-gccarmnoneeabi/bin/../lib/gcc/arm-none-eabi/12.3.1/../../../../arm-none-eabi/lib/thumb/v7e-m+fp/hard\libc_nano.a(libc_a-assert.o)
                0x08009968                __assert_func
 .text._calloc_r
                0x080099a4       0x28 c:/users/user/.platformio/packages/toolchain-gccarmnoneeabi/bin/../lib/gcc/arm-none-eabi/12.3.1/../../../../arm-none-eabi/lib/thumb/v7e-m+fp/hard\libc_nano.a(libc_a-callocr.o)
                0x080099a4                _calloc_r
 .text.fprintf  0x080099cc       0x24 c:/users/user/.platformio/packages/toolchain-gccarmnoneeabi/bin/../lib/gcc/arm-none-eabi/12.3.1/../../../../arm-none-eabi/lib/thumb/v7e-m+fp/hard\libc_nano.a(libc_a-fprintf.o)
                0x080099cc                fiprintf
                0x080099cc                fprintf
 .text.__sfputc_r
                0x080099f0       0x2e c:/users/user/.platformio/packages/toolchain-gccarmnoneeabi/bin/../lib/gcc/arm-none-eabi/12.3.1/../../../../arm-none-eabi/lib/thumb/v7e-m+fp/hard\libc_nano.a(libc_a-nano-vfprintf.o)
 .text.__sfputs_r
                0x08009a1e       0x24 c:/users/user/.platformio/packages/toolchain-gccarmnoneeabi/bin/../lib/gcc/arm-none-eabi/12.3.1/../../../../arm-none-eabi/lib/thumb/v7e-m+fp/hard\libc_nano.a(libc_a-nano-vfprintf.o)
                0x08009a1e                __sfputs_r
 *fill*         0x08009a42        0x2 
 .text._vfprintf_r
                0x08009a44      0x230 c:/users/user/.platformio/packages/toolchain-gccarmnoneeabi/bin/../lib/gcc/arm-none-eabi/12.3.1/../../../../arm-none-eabi/lib/thumb/v7e-m+fp/hard\libc_nano.a(libc_a-nano-vfprintf.o)
                0x08009a44                _vfprintf_r
                0x08009a44                _vfiprintf_r
 .text.__swbuf_r
                0x08009c74       0x7c c:/users/user/.platformio/packages/toolchain-gccarmnoneeabi/bin/../lib/gcc/arm-none-eabi/12.3.1/../../../../arm-none-eabi/lib/thumb/v7e-m+fp/hard\libc_nano.a(libc_a-wbuf.o)
                0x08009c74                __swbuf_r
 .text.__swsetup_r
                0x08009cf0       0xac c:/users/user/.platformio/packages/toolchain-gccarmnoneeabi/bin/../lib/gcc/arm-none-eabi/12.3.1/../../../../arm-none-eabi/lib/thumb/v7e-m+fp/hard\libc_nano.a(libc_a-wsetup.o)
                0x08009cf0                __swsetup_r
 .text.__swhatbuf_r
                0x08009d9c       0x4c c:/users/user/.platformio/packages/toolchain-gccarmnoneeabi/bin/../lib/gcc/arm-none-eabi/12.3.1/../../../../arm-none-eabi/lib/thumb/v7e-m+fp/hard\libc_nano.a(libc_a-makebuf.o)
                0x08009d9c                __swhatbuf_r
 .text.__smakebuf_r
                0x08009de8       0x78 c:/users/user/.platformio/packages/toolchain-gccarmnoneeabi/bin/../lib/gcc/arm-none-eabi/12.3.1/../../../../arm-none-eabi/lib/thumb/v7e-m+fp/hard\libc_nano.a(libc_a-makebuf.o)
                0x08009de8                __smakebuf_r
 .text._fstat_r
                0x08009e60       0x24 c:/users/user/.platformio/packages/toolchain-gccarmnoneeabi/bin/../lib/gcc/arm-none-eabi/12.3.1/../../../../arm-none-eabi/lib/thumb/v7e-m+fp/hard\libc_nano.a(libc_a-fstatr.o)
                0x08009e60                _fstat_r
 .text._isatty_r
                0x08009e84       0x20 c:/users/user/.platformio/packages/toolchain-gccarmnoneeabi/bin/../lib/gcc/arm-none-eabi/12.3.1/../../../../arm-none-eabi/lib/thumb/v7e-m+fp/hard\libc_nano.a(libc_a-isattyr.o)
                0x08009e84                _isatty_r
 .text.__fixdfdi
                0x08009ea4       0x30 c:/users/user/.platformio/packages/toolchain-gccarmnoneeabi/bin/../lib/gcc/arm-none-eabi/12.3.1/thumb/v7e-m+fp/hard\libgcc.a(_fixdfdi.o)
                0x08009ea4                __fixdfdi
                0x08009ea4                __aeabi_d2lz
 .text.__fixunsdfdi
                0x08009ed4       0x3c c:/users/user/.platformio/packages/toolchain-gccarmnoneeabi/bin/../lib/gcc/arm-none-eabi/12.3.1/thumb/v7e-m+fp/hard\libgcc.a(_fixunsdfdi.o)
                0x08009ed4                __fixunsdfdi
                0x08009ed4                __aeabi_d2ulz
 *(.glue_7)
 .glue_7        0x08009f10        0x0 linker stubs
 *(.glue_7t)
 .glue_7t       0x08009f10        0x0 linker stubs
 *(.eh_frame)
 .eh_frame      0x08009f10        0x0 c:/users/user/.platformio/packages/toolchain-gccarmnoneeabi/bin/../lib/gcc/arm-none-eabi/12.3.1/thumb/v7e-m+fp/hard/crtbegin.o
 *(.init)
 .init          0x08009f10        0x4 c:/users/user/.platformio/packages/toolchain-gccarmnoneeabi/bin/../lib/gcc/arm-none-eabi/12.3.1/thumb/v7e-m+fp/hard/crti.o
                0x08009f10                _init
 .init          0x08009f14        0x8 c:/users/user/.platformio/packages/toolchain-gccarmnoneeabi/bin/../lib/gcc/arm-none-eabi/12.3.1/thumb/v7e-m+fp/hard/crtn.o
 *(.fini)
 .fini          0x08009f1c        0x4 c:/users/user/.platformio/packages/toolchain-gccarmnoneeabi/bin/../lib/gcc/arm-none-eabi/12.3.1/thumb/v7e-m+fp/hard/crti.o
                0x08009f1c                _fini
 .fini          0x08009f20        0x8 c:/users/user/.platformio/packages/toolchain-gccarmnoneeabi/bin/../lib/gcc/arm-none-eabi/12.3.1/thumb/v7e-m+fp/hard/crtn.o
                0x08009f28                        . = ALIGN (0x4)
                0x08009f28                        _etext = .

.vfp11_veneer   0x08009f28        0x0
 .vfp11_veneer  0x08009f28        0x0 linker stubs

.v4_bx          0x08009f28        0x0
 .v4_bx         0x08009f28        0x0 linker stubs

.iplt           0x08009f28        0x0
 .iplt          0x08009f28        0x0 c:/users/user/.platformio/packages/toolchain-gccarmnoneeabi/bin/../lib/gcc/arm-none-eabi/12.3.1/thumb/v7e-m+fp/hard/crtbegin.o

.rodata         0x08009f28     0x11a0
                0x08009f28                        . = ALIGN (0x4)
 *(.rodata)
 .rodata        0x08009f28        0x6 .pio/build/nucleo_f767zi/lib519/libCANopen.a(CANopen.cpp.o)
 *(.rodata*)
 *fill*         0x08009f2e        0x2 
 .rodata.PinMap_UART_CTS
                0x08009f30       0xa8 .pio/build/nucleo_f767zi/FrameworkArduinoVariant/PeripheralPins.c.o
                0x08009f30                PinMap_UART_CTS
 .rodata.PinMap_UART_RTS
                0x08009fd8       0xa8 .pio/build/nucleo_f767zi/FrameworkArduinoVariant/PeripheralPins.c.o
                0x08009fd8                PinMap_UART_RTS
 .rodata.PinMap_UART_RX
                0x0800a080      0x120 .pio/build/nucleo_f767zi/FrameworkArduinoVariant/PeripheralPins.c.o
                0x0800a080                PinMap_UART_RX
 .rodata.PinMap_UART_TX
                0x0800a1a0      0x120 .pio/build/nucleo_f767zi/FrameworkArduinoVariant/PeripheralPins.c.o
                0x0800a1a0                PinMap_UART_TX
 .rodata.analogInputPin
                0x0800a2c0       0x60 .pio/build/nucleo_f767zi/FrameworkArduinoVariant/variant_NUCLEO_F767ZI.cpp.o
                0x0800a2c0                analogInputPin
 .rodata.digitalPin
                0x0800a320      0x1d4 .pio/build/nucleo_f767zi/FrameworkArduinoVariant/variant_NUCLEO_F767ZI.cpp.o
                0x0800a320                digitalPin
 .rodata.pin_map_ll
                0x0800a4f4       0x40 .pio/build/nucleo_f767zi/SrcWrapper/src/stm32/pinmap.c.o
                0x0800a4f4                pin_map_ll
 .rodata.APBPrescTable
                0x0800a534        0x8 .pio/build/nucleo_f767zi/SrcWrapper/src/stm32/system_stm32yyxx.c.o
                0x0800a534                APBPrescTable
 .rodata.AHBPrescTable
                0x0800a53c       0x10 .pio/build/nucleo_f767zi/SrcWrapper/src/stm32/system_stm32yyxx.c.o
                0x0800a53c                AHBPrescTable
 .rodata._Z11parsedInput6String.str1.1
                0x0800a54c        0x0 .pio/build/nucleo_f767zi/src/main.cpp.o
                                  0x1 (size before relaxing)
 .rodata._Z20getPermissionToStartv.str1.1
                0x0800a54c        0x6 .pio/build/nucleo_f767zi/src/main.cpp.o
 .rodata._Z20setPermissionToStartv.str1.1
                0x0800a552        0xa .pio/build/nucleo_f767zi/src/main.cpp.o
 .rodata._Z19handleSerialCommandv.str1.1
                0x0800a55c       0x25 .pio/build/nucleo_f767zi/src/main.cpp.o
 .rodata._Z11mainControlv.str1.1
                0x0800a581       0x30 .pio/build/nucleo_f767zi/src/main.cpp.o
                                 0x32 (size before relaxing)
 *fill*         0x0800a5b1        0x3 
 .rodata.CSWTCH.144
                0x0800a5b4        0xc .pio/build/nucleo_f767zi/src/main.cpp.o
 .rodata._ZL18TRAJECTORY_PRESETS
                0x0800a5c0      0x2f8 .pio/build/nucleo_f767zi/src/main.cpp.o
 .rodata.CSWTCH.73
                0x0800a8b8        0xc .pio/build/nucleo_f767zi/libFrameworkArduino.a(HardwareSerial.cpp.o)
 .rodata.CSWTCH.72
                0x0800a8c4        0x5 .pio/build/nucleo_f767zi/libFrameworkArduino.a(HardwareSerial.cpp.o)
 *fill*         0x0800a8c9        0x3 
 .rodata._ZTV14HardwareSerial
                0x0800a8cc       0x2c .pio/build/nucleo_f767zi/libFrameworkArduino.a(HardwareSerial.cpp.o)
                0x0800a8cc                vtable for HardwareSerial